border_size=1
usage=map

Aa^Fpa      , Aa^Fpa      , Aa          , Aa          , Ce          , Aa          , Aa          , Aa^Fpa      , Aa          , Aa^Fpa      , Aa^Fpa      , Ww          , Aa^Fpa      , Aa          , Ha          , Ha          , Aa          , Aa          , Aa^Fpa      , Aa^Fpa      , Aa^Fpa      , Rd          , Rd          , Aa          , Aa          , Aa          , Aa          , Aa^Fpa      , Aa^Fpa      , Re          , Aa          , Ha          , Aa          , Aa          , Ai          , Aa^Fpa      , Aa          , Aa          
Aa^Fpa      , Aa^Fpa      , Aa          , Aa          , Ce          , Aa          , Aa          , Aa^Fpa      , Aa          , Aa^Fpa      , Aa^Fpa      , Ww          , Aa^Fpa      , Aa          , Ha          , Ha^Vhha     , Aa          , Aa          , Aa^Fpa      , Aa^Fpa      , Aa^Fpa      , Rd          , Rd          , Aa          , Aa          , Aa          , Aa          , Aa^Fpa      , Aa^Fpa      , Re          , Aa          , Ha          , Aa          , Aa          , Ai          , Aa^Fpa      , Aa          , Aa          
Aa^Fpa      , Aa^Fpa      , Aa          , Ce          , 4 Ke        , Ce          , Aa          , Aa^Fpa      , Ai          , Aa^Fpa      , Ww          , Ai          , Aa^Fpa      , Aa          , Aa          , Ha          , Aa          , Aa          , Ai          , Aa^Fpa      , Aa^Fpa      , Aa^Fpa      , Aa          , Rd          , Aa          , Re          , Aa          , Aa^Fpa      , Aa^Fpa      , Aa          , Aa          , Ha          , Aa          , Ai          , Aa          , Aa^Fpa      , Aa^Fpa      , Aa^Fpa      
Aa          , Aa^Vha      , Aa          , Ce          , Ce          , Ce          , Rd          , Re          , Rd          , Aa^Fpa      , Ai          , Aa^Fpa      , Aa^Fpa      , Aa          , Re          , Re          , Aa          , Re          , Re          , Aa^Fpa      , Aa^Fpa      , Aa^Fpa      , Rd          , Rd          , Ce          , Aa          , Aa          , Aa^Fpa      , Aa^Fpa      , Aa          , Aa          , Ha          , Aa          , Aa          , Aa          , Aa^Fpa      , Aa^Fpa      , Aa^Fpa      
Aa^Fpa      , Aa^Fpa      , Aa^Fpa      , Aa          , Aa          , Aa          , Aa^Fpa      , Aa^Vha      , Ai          , Ww^Bw\      , Re          , Re          , Rd          , Rd          , Aa^Fpa      , Ai          , Aa^Fpa      , Aa^Fpa      , Aa^Fpa      , Re          , Rd          , Rd          , Aa          , Ce          , 1 Ke        , Ce          , Aa          , Aa          , Ha          , Ms          , Ha          , Aa          , Aa          , Aa          , Aa^Vha      , Aa          , Aa          , Aa          
Aa^Fpa      , Aa^Fpa      , Aa^Fpa      , Aa^Fpa      , Aa^Fpa      , Aa^Fpa      , Ww          , Ww          , Aa^Fpa      , Aa^Fpa      , Aa          , Aa^Fpa      , Aa^Fpa      , Aa^Fpa      , Ai          , Aa^Fpa      , Aa^Fpa      , Aa^Fpa      , Aa^Fpa      , Aa          , Rd          , Aa^Fpa      , Aa          , Ce          , Ce          , Ce          , Aa          , Ha          , Ha^Vhha     , Ha          , Ms          , Ha          , Aa          , Aa          , Aa          , Aa          , Aa          , Aa          
Aa^Fpa      , Aa^Fpa      , Ha          , Aa^Fpa      , Ha          , Ww          , Ha          , Aa          , Aa          , Aa          , Aa^Vha      , Aa          , Aa          , Aa^Fpa      , Ai          , Aa^Fpa      , Aa^Fpa      , Aa^Fpa      , Aa          , Rd          , Aa^Fpa      , Aa^Fpa      , Ha          , Aa          , Aa          , Aa          , Ha          , Ha          , Ha          , Ms          , Ms          , Ha          , Ha          , Aa          , Aa          , Aa          , Aa^Fpa      , Aa^Fpa      
Aa^Fpa      , Aa^Fpa      , Aa^Fpa      , Aa^Fpa      , Aa^Fpa      , Ha          , Aa^Fpa      , Aa^Fpa      , Aa^Fpa      , Aa^Fpa      , Aa^Fpa      , Aa^Fpa      , Aa^Fpa      , Aa^Fpa      , Aa^Fpa      , Aa^Fpa      , Aa^Fpa      , Aa^Fpa      , Aa^Vha      , Re          , Aa^Fpa      , Aa^Fpa      , Ha          , Ha          , Ha          , Ha          , Ms          , Ha          , Ha          , Ms          , Ms          , Ha          , Ms          , Ha          , Ha          , Aa^Fpa      , Aa^Fpa      , Aa^Fpa      
Ha          , Ha          , Aa^Fpa      , Aa^Fpa      , Aa^Fpa      , Aa^Fpa      , Aa^Fpa      , Aa^Fpa      , Aa^Fpa      , Aa^Fpa      , Aa^Fpa      , Aa^Fpa      , Aa^Fpa      , Aa^Fpa      , Aa^Fpa      , Aa^Fpa      , Aa^Fpa      , Aa^Fpa      , Aa^Fpa      , Re          , Aa^Fpa      , Aa^Fpa      , Ha          , Ha          , Ha          , Ms          , Ms          , Ms          , Ms          , Ms          , Ha          , Ms          , Ms          , Ms          , Ha          , Aa^Fpa      , Aa^Fpa      , Aa^Fpa      
Aa^Fpa      , Aa^Fpa      , Aa^Fpa      , Aa^Fpa      , Aa^Fpa      , Aa^Fpa      , Aa^Fpa      , Aa^Fpa      , Aa^Fpa      , Aa^Fpa      , Aa^Fpa      , Aa^Fpa      , Aa^Fpa      , Aa^Fpa      , Aa^Fpa      , Aa^Fpa      , Aa^Vha      , Aa^Fpa      , Re          , Re          , Aa^Fpa      , Aa^Fpa      , Ha          , Ha          , Ms          , Ha          , Ha          , Ha          , Ha          , Ha          , Ha          , Ms          , Ha          , Ms          , Ha          , Aa^Fpa      , Ha          , Ha          
Aa^Fpa      , Aa^Fpa      , Aa^Fpa      , Aa^Fpa      , Aa^Fpa      , Aa^Fpa      , Aa^Fpa      , Aa^Fpa      , Aa          , Aa^Fpa      , Ce          , Ce          , Ce          , Aa^Fpa      , Aa^Vha      , Aa^Fpa      , Rd          , Rd          , Aa^Fpa      , Aa          , Aa^Fpa      , Aa^Fpa      , Aa^Fpa      , Ha          , Ha          , Ha          , Ha          , Ms          , Ha          , Ha          , Ms          , Ha          , Ha          , Ms          , Ha          , Ha          , Ha          , Ha          
Aa^Fpa      , Aa^Fpa      , Aa          , Aa^Fpa      , Aa          , Aa          , Aa          , Aa          , Aa^Fpa      , Aa^Fpa      , Ce          , 2 Ke        , Ce          , Rd          , Rd          , Rd          , Aa^Vha      , Aa^Fpa      , Aa^Fpa      , Aa^Fpa      , Aa^Fpa      , Aa^Fpa      , Aa^Fpa      , Aa^Fpa      , Aa^Fpa      , Ha          , Ha          , Ha          , Ha          , Ha          , Ha          , Ha          , Ha          , Ha          , Ha          , Ha          , Aa^Fpa      , Aa^Fpa      
Aa          , Aa          , Aa          , Aa          , Aa^Fpa      , Aa          , Aa^Fpa      , Aa^Fpa      , Aa^Fpa      , Aa^Fpa      , Aa^Fpa      , Ce          , Rd          , Rd          , Aa^Fpa      , Aa^Fpa      , Aa^Fpa      , Aa^Fpa      , Aa^Fpa      , Re          , Re          , Aa^Fpa      , Aa^Fpa      , Aa^Fpa      , Aa          , Aa^Fpa      , Aa^Fpa      , Aa^Fpa      , Aa^Fpa      , Ha          , Aa          , Ha          , Aa^Fpa      , Aa^Fpa      , Aa          , Aa^Fpa      , Aa^Fpa      , Aa^Fpa      
Aa          , Aa          , Aa^Fpa      , Aa          , Aa          , Aa^Fpa      , Aa^Fpa      , Aa^Fpa      , Aa^Fpa      , Aa^Fpa      , Aa^Fpa      , Rd          , Aa^Vha      , Aa^Fpa      , Aa^Fpa      , Aa^Fpa      , Aa^Fpa      , Aa^Fpa      , Aa^Fpa      , Aa^Fpa      , Aa^Fpa      , Aa^Fpa      , Aa^Fpa      , Aa          , Aa^Fpa      , Aa^Fpa      , Aa^Fpa      , Aa^Fpa      , Aa^Fpa      , Aa          , Re          , Aa^Fpa      , Aa^Fpa      , Aa^Fpa      , Aa          , Aa^Fpa      , Aa^Fpa      , Aa^Fpa      
Aa          , Aa          , Aa          , Aa          , Aa          , Aa          , Aa          , Aa^Fpa      , Aa^Fpa      , Aa^Fpa      , Aa^Vha      , Rd          , Aa^Fpa      , Aa^Fpa      , Aa^Fpa      , Aa^Fpa      , Aa^Fpa      , Aa^Fpa      , Aa^Fpa      , Aa^Fpa      , Aa^Fpa      , Aa^Fpa      , Aa^Fpa      , Aa^Fpa      , Aa^Fpa      , Aa^Fpa      , Re          , Aa^Fpa      , Aa^Fpa      , Aa^Fpa      , Aa^Fpa      , Aa^Fpa      , Aa^Fpa      , Aa^Fpa      , Aa^Fpa      , Aa          , Aa^Fpa      , Aa^Fpa      
Aa          , Aa          , Aa          , Ai          , Aa          , Aa          , Aa          , Aa          , Aa          , Aa^Fpa      , Aa^Fpa      , Rd          , Aa^Fpa      , Aa^Fpa      , Aa^Fpa      , Aa^Fpa      , Aa^Fpa      , Aa^Fpa      , Aa^Fpa      , Aa^Fpa      , Aa^Fpa      , Aa^Fpa      , Aa^Fpa      , Aa^Fpa      , Aa^Fpa      , Aa^Fpa      , Aa^Fpa      , Aa          , Aa^Fpa      , Aa          , Aa^Fpa      , Aa^Fpa      , Aa          , Aa          , Aa^Fpa      , Aa^Fpa      , Aa^Fpa      , Aa^Fpa      
Aa          , Aa          , Ai          , Aa          , Ss          , Aa          , Ai          , Aa          , Aa          , Ce          , Ce          , Rd          , Ce          , Aa^Fpa      , Aa^Fpa      , Aa^Fpa      , Aa^Fpa      , Aa^Fpa      , Aa^Fpa      , Aa^Fpa      , Aa^Fpa      , Aa^Fpa      , Aa^Fpa      , Aa^Fpa      , Aa^Fpa      , Aa^Fpa      , Aa^Fpa      , Re          , Aa^Fpa      , Aa^Fpa      , Aa^Fpa      , Aa          , Aa^Fpa      , Aa^Fpa      , Aa^Fpa      , Aa^Fpa      , Ss          , Ss          
Aa          , Aa          , Aa          , Ss          , Aa          , Ai          , Aa          , Ai          , Re          , Re          , Re          , Rd          , Re          , Ce          , Aa          , Aa^Fpa      , Aa          , Aa^Fpa      , Aa^Fpa      , Aa^Fpa      , Aa          , Aa^Fpa      , Aa^Fpa      , Aa^Fpa      , Aa^Fpa      , Aa^Fpa      , Aa^Fpa      , Aa^Fpa      , Aa^Fpa      , Aa^Fpa      , Ss          , Aa^Fpa      , Ai          , Aa          , Aa^Fpa      , Ai          , Ai          , Ai          
Ha          , Ha          , Ha          , Aa          , Aa          , Aa          , Aa^Vha      , Aa          , Rd          , Re          , Aa^Vha      , Rd          , Ai          , Aa          , Aa          , Aa          , Aa          , Aa          , Aa          , Aa          , Aa          , Aa^Fpa      , Aa^Fpa      , Aa^Fpa      , Aa^Fpa      , Aa^Fpa      , Aa^Fpa      , Aa^Fpa      , Aa^Fpa      , Aa^Fpa      , Aa^Fpa      , Ss          , Aa^Fpa      , Aa^Fpa      , Aa^Fpa      , Ai          , Ss          , Ss          
Aa          , Aa          , Rd          , Aa          , Re          , Aa          , Rd          , Rd          , Re          , Rd          , Rd          , Rd          , Rd          , Ss          , Aa          , Aa          , Ss          , Aa          , Aa          , Aa          , Aa          , Aa          , Aa          , Aa^Fpa      , Qxu         , Qxu         , Aa^Fpa      , Aa^Fpa      , Aa^Fpa      , Ss          , Ai          , Re          , Ai          , Aa^Fpa      , Aa^Fpa      , Aa^Fpa      , Aa^Fpa      , Aa^Fpa      
Rd          , Rd          , Aa          , Rd          , Rd          , Rd          , Ha          , Aa          , Ha          , Re          , Ha          , Re          , Re          , Rd          , Aa          , Ss          , Aa          , Ss          , Ww          , Aa          , Qxu         , Qxu         , Qxu         , Qxu         , Aa          , Aa^Fpa      , Aa^Fpa      , Ai          , Aa^Fpa      , Aa^Fpa      , Ss          , Ss^Vhs      , Aa^Fpa      , Ai          , Ai          , Aa^Fpa      , Aa^Fpa      , Aa^Fpa      
Aa          , Aa          , Aa          , Aa          , Rd          , Ha          , Aa          , Ha          , Aa          , Ha          , Aa          , Aa          , Ha          , Rd          , Aa          , Aa          , Aa          , Aa          , Aa^Fpa      , Aa^Fpa      , Aa          , Aa          , Aa          , Aa^Fpa      , Aa          , Aa          , Aa^Fpa      , Aa^Fpa      , Aa^Fpa      , Aa^Fpa      , Ai          , Aa^Fpa      , Re          , Aa^Fpa      , Aa^Fpa      , Ai          , Aa^Fpa      , Aa^Fpa      
Re          , Re          , Re          , Aa^Vha      , Rd          , Aa          , Aa          , Aa          , Aa          , Aa          , Ce          , Aa          , Aa          , Rr          , Ha          , Aa          , Ha          , Ha          , Re          , Re          , Ai          , Aa          , Re          , Aa          , Aa          , Aa^Fpa      , Aa^Fpa      , Ai          , Ss          , Aa^Fpa      , Aa^Fpa      , Ai          , Aa^Fpa      , Aa^Fpa      , Aa^Fpa      , Aa^Fpa      , Aa^Fpa      , Aa^Fpa      
Re          , Re          , Aa          , Aa          , Rd          , Rd          , Rr          , Aa          , Ce          , Ce          , Rr          , Ce          , Ce          , Rr          , Aa          , Ha          , Aa          , Aa          , Re          , Ai          , Re          , Ai          , Ss          , Aa          , Ai          , Ss          , Aa^Fpa      , Aa^Fpa      , Aa^Fpa      , Aa^Fpa      , Aa^Fpa      , Aa^Fpa      , Aa^Fpa      , Aa^Fpa      , Ai          , Aa^Fpa      , Aa^Fpa      , Aa^Fpa      
Rd          , Rd          , Rd          , Rd          , Aa          , Aa          , Aa^Vha      , Rr          , Rr          , Rr          , Aa          , Rr          , Rr          , Rr          , Ce          , Aa          , Aa          , Re          , Aa          , Aa          , Ww          , Ss^Vhs      , Aa          , Ss          , Aa          , Aa^Fpa      , Aa^Fpa      , Aa^Fpa      , Ai          , Aa^Fpa      , Aa^Fpa      , Ss          , Ai          , Ai          , Aa^Fpa      , Ai          , Aa^Fpa      , Aa^Fpa      
Aa          , Aa^Vha      , Aa          , Rd          , Rd          , Aa          , Aa          , Ce          , Aa          , Rr          , Rr          , Rr^Vhc      , Rr          , Rr          , Rr          , Ce          , Aa          , Aa          , Aa          , Ss          , Ww          , Ai          , Ww          , Ss          , Ai          , Ss          , Aa^Fpa      , Aa^Fpa      , Aa^Fpa      , Aa^Fpa      , Aa^Fpa      , Aa^Fpa      , Aa^Fpa      , Aa^Fpa      , Aa          , Aa^Fpa      , Aa^Fpa      , Aa^Fpa      
Aa          , Aa          , Aa          , Aa          , Aa^Fpa      , Rd          , Rd          , Ce          , Ce          , Rr^Vhc      , Rr^Vhc      , Rr          , Chr         , Chr         , Rr          , Ce          , Ce          , Aa          , Re          , Ai          , Aa          , Aa          , Ai          , Aa^Fpa      , Aa          , Aa^Fpa      , Aa^Fpa      , Aa^Fpa      , Aa^Fpa      , Aa^Fpa      , Ss          , Ss          , Aa^Fpa      , Aa^Fpa      , Aa^Fpa      , Aa^Fpa      , Aa^Fpa      , Aa^Fpa      
Aa          , Aa          , Aa          , Aa^Fpa      , Aa^Fpa      , Aa          , Aa          , Rd          , Rd          , Ce          , Rd          , Rd          , Chr         , 3 Kh        , Rr          , Re          , Rr^Vhc      , Ce          , Aa^Fpa      , Re          , Aa          , Aa          , Ai          , Aa          , Aa          , Aa^Fpa      , Aa^Fpa      , Ai          , Aa^Fpa      , Aa^Fpa      , Re          , Aa^Fpa      , Aa          , Aa^Fpa      , Ai          , Aa          , Ai          , Ai          
Re          , Re          , Aa          , Aa          , Aa^Fpa      , Ha          , Ha          , Re          , Ha          , Rd          , Ce          , Aa          , Re          , Chr         , Aa          , Rd          , Rd          , Ce          , Aa          , Aa          , Aa          , Aa          , Ss          , Aa          , Aa          , Aa          , Aa          , Aa^Fpa      , Re          , Re          , Ss          , Aa          , Ai          , Aa          , Ai          , Ai          , Aa^Fpa      , Aa^Fpa      
Re          , Re          , Aa          , Aa          , Aa^Fpa      , Ha          , Ha          , Re          , Ha          , Rd          , Ce          , Aa          , Re          , Chr         , Aa          , Rd          , Rd          , Ce          , Aa          , Aa          , Aa          , Aa          , Ss          , Aa          , Aa          , Aa          , Aa          , Aa^Fpa      , Re          , Re          , Ss          , Aa          , Ai          , Aa          , Ai          , Ai          , Aa^Fpa      , Aa^Fpa      
