border_size=1
usage=map

Hh          , Hh          , Hh          , Mm          , Hh          , Mm          , Hh          , Mm          , Hh          , Hh          , Gs^Fp       , Gs^Fp       , Gs^Fp       , Gs^Fp       , Gs^Fp       , Gs^Fp       , Gs^Fp       , Gs^Fp       , Gs^Fp       , Gs^Fp       , Gs^Fp       , Gs^Fp       , Gs^Fp       , Gs^Fp       , Gs^Fp       , Gs^Fp       , Gg          , Re          , Gs^Fp       , Gs^Fp       , Hh          , Hh          , Hh          , Mm          , Mm          , Ha          , Ha          , Mm          , Mm          , Ha          , Mm          , Mm          
Hh          , Hh          , Hh          , Mm          , Hh          , Mm          , Hh          , Mm          , Hh          , Hh          , Gs^Fp       , Gs^Fp       , Gs^Fp       , Gs^Fp       , Gs^Fp       , Gs^Fp       , Gs^Fp       , Gs^Fp       , Gs^Fp       , Gs^Fp       , Gs^Fp       , Gs^Fp       , Gs^Fp       , Gs^Fp       , Gs^Fp       , Gs^Fp       , Gs^Vl       , Re          , Gs^Fp       , Gs^Fp       , Hh          , Hh          , Hh          , Mm          , Mm          , Ha          , Ha          , Mm          , Mm          , Ha          , Mm          , Mm          
Gs^Fp       , Gs^Fp       , Gs^Fp       , Hh          , Hh          , Hh          , Hh          , Hh          , Hh          , Hh          , Gs^Fp       , Gs^Fp       , Gs^Fp       , Gs^Fp       , Gs^Fp       , Gs^Fp       , Gs^Fp       , Gs^Fp       , Gs^Fp       , Gs^Fp       , Gs^Fp       , Gs^Fp       , Gs^Fp       , Gs^Fp       , Gs^Fp       , Gs^Fp       , Gs^Fp       , Re          , Gs^Fp       , Gs^Fp       , Hh          , Hh          , Hh          , Mm          , Mm          , Mm          , Mm          , Mm          , Hh          , Mm          , Mm          , Mm          
Gg          , Gg          , Gg          , Gs^Fp       , Gs^Fp       , Hh          , Gs^Fp       , Hh          , Gs^Fp       , Gs^Fp       , Gs^Fp       , Gs^Fp       , Gs^Fp       , Gs^Fp       , Gs^Fp       , Gs^Fp       , Gs^Fp       , Gs^Fp       , Gs^Fp       , Gs^Fp       , Gs^Fp       , Gs^Fp       , Gs^Fp       , Gs^Fp       , Gg^Vh       , Gs^Fp       , Re          , Re          , Gs^Fp       , Gs^Fp       , Hh          , Hh          , Mm          , Hh          , Hh          , Hh          , Hh          , Hh          , Hh          , Mm          , Hh          , Hh          
Rd          , Rd          , Rd          , Gs^Fp       , Gs^Fp       , Gs^Fp       , Gs^Fp       , Gs^Fp       , Gs^Fp       , Gs^Fp       , Gs^Fp       , Gs^Fp       , Gs^Fp       , Gs^Fp       , Gs^Fp       , Gs^Fp       , Gg          , Gs^Fp       , Ce          , Ce          , Ce          , Gs^Fp       , Gg^Vh       , Gs^Fp       , Rd          , Rd          , Gs^Fp       , Re          , Gs^Fp       , Gs^Fp       , Gs^Fp       , Hh          , Hh          , Hh          , Hh          , Mm          , Hh          , Hh          , Mm          , Hh          , Hh          , Hh          
Gg          , Gg          , Rd          , Gs^Fp       , Gs^Fp       , Gs^Fp       , Gs^Fp       , Gs^Fp       , Gs^Fp       , Gs^Fp       , Gg          , Gs^Fp       , Gg          , Gg          , Gg          , Gg          , Gs^Fp       , Gs^Fp       , Ce          , 2 Ke        , Ce          , Rd          , Rd          , Rd          , Gs^Vh       , Gs^Fp       , Gs^Fp       , Gs^Fp       , Gs^Fp       , Gs^Fp       , Gs^Fp       , Gs^Fp       , Gs^Fp       , Hh          , Hh          , Hh          , Hh          , Hh          , Hh          , Hh          , Hh          , Hh          
Gs^Fp       , Gs^Fp       , Gs^Fp       , Rd          , Gs^Fp       , Gs^Fp       , Gs^Fp       , Gs^Fp       , Gs^Fp       , Gg          , Gg          , Gg          , Gs^Fp       , Gg          , Gs^Fp       , Gs^Fp       , Gs^Fp       , Gs^Fp       , Gs^Fp       , Ce          , Rd          , Rd          , Gs^Fp       , Gs^Fp       , Gs^Fp       , Gs^Fp       , Gs^Fp       , Re          , Re          , Gs^Fp       , Gs^Fp       , Gs^Fp       , Re          , Gs^Fp       , Gs^Fp       , Gs^Fp       , Gs^Fp       , Hh          , Re          , Hh          , Gs^Fp       , Gs^Fp       
Gs^Fp       , Gs^Fp       , Gg          , Rd          , Gs^Fp       , Gs^Fp       , Gs^Fp       , Gs^Fp       , Gs^Fp       , Gg          , Gs^Fp       , Gg          , Gg          , Gs^Fp       , Gs^Fp       , Gs^Fp       , Gs^Fp       , Gs^Fp       , Gs^Fp       , Rd          , Gg^Vh       , Gs^Fp       , Gs^Fp       , Gs^Fp       , Gs^Fp       , Gs^Fp       , Gs^Fp       , Gs^Fp       , Gs^Fp       , Gs^Fp       , Gs^Fp       , Re          , Gs^Fp       , Gs^Fp       , Gs^Fp       , Gs^Fp       , Gs^Fp       , Re          , Re          , Gs^Fp       , Gs^Fp       , Gs^Fp       
Gg          , Gg          , Gg          , Rd          , Gg          , Gg          , Gg          , Gg          , Gg          , Gg          , Gg          , Gg          , Gg          , Gg          , Gg          , Gs^Fp       , Gs^Fp       , Gs^Fp       , Gg^Vh       , Rd          , Gs^Fp       , Gs^Fp       , Gs^Fp       , Gs^Fp       , Gs^Fp       , Gs^Fp       , Gs^Fp       , Gs^Fp       , Gs^Fp       , Gs^Fp       , Gs^Fp       , Gs^Fp       , Gs^Fp       , Gs^Fp       , Re          , Gs^Fp       , Gs^Fp       , Gs^Fp       , Gs^Fp       , Gs^Fp       , Gs^Fp       , Gs^Fp       
Gg          , Gg          , Gg          , Rd          , Rd          , Gg          , Gs          , Gg          , Gg          , Gg          , Gg          , Ss          , Gg          , Gg          , Gg          , Gg          , Gg          , Gs^Fp       , Gs^Fp       , Rd          , Gs^Fp       , Gs^Fp       , Gs^Fp       , Gs^Fp       , Gs^Fp       , Gs^Fp       , Gs^Fp       , Gs^Fp       , Gs^Fp       , Gs^Fp       , Gs^Fp       , Gs^Fp       , Gs^Fp       , Gs^Fp       , Gs^Fp       , Re          , Gs^Fp       , Re          , Gs^Fp       , Gs^Fp       , Gs^Fp       , Gs^Fp       
Gg          , Gg          , Ss          , Gg          , Gg^Gvs      , Rd          , Rd          , Hh          , Gg          , Gg          , Ss          , Gg          , Ss          , Gg          , Ww          , Gg          , Gg          , Ce          , Ce          , Rd          , Ce          , Gs^Fp       , Gs^Fp       , Gs^Fp       , Gs^Fp       , Gs^Fp       , Gs^Fp       , Gs^Fp       , Gs^Fp       , Gs^Fp       , Gs^Fp       , Gs^Fp       , Gs^Fp       , Gs^Fp       , Gs^Fp       , Re          , Gs^Fp       , Gs^Fp       , Gs^Fp       , Gs^Fp       , Gs^Fp       , Gs^Fp       
Gg          , Gg          , Gg          , Gg          , Gg^Gvs      , Gg          , Gg^Vh       , Rd          , Gg          , Gg          , Gg          , Ss          , Gg          , Ww          , Gs          , Ss          , Gg          , Gg          , Gg          , Rd          , Gg          , Ce          , Gg          , Gs^Fp       , Gg          , Gs^Fp       , Gs^Fp       , Gs^Fp       , Gg          , Gs^Fp       , Gs^Fp       , Gs^Fp       , Gs^Fp       , Gs^Fp       , Gs^Fp       , Gs^Fp       , Gs^Fp       , Gs^Fp       , Ss          , Gs^Fp       , Ss          , Ss          
Gg          , Gg          , Gg          , Gg          , Gg          , Gg          , Gg          , Rd          , Rd          , Hh          , Hh          , Gg          , Gg^Efm      , Gs          , Gg^Vh       , Gg          , Rd          , Gg          , Gg^Vh       , Rd          , Ss          , Gg          , Gg          , Gg          , Gg          , Gg          , Gg^Es       , Gg          , Gg          , Gs^Fp       , Gs^Fp       , Gs^Fp       , Gs^Fp       , Gs^Fp       , Gs^Fp       , Gs^Fp       , Gs^Fp       , Gs^Fp       , Gs^Fp       , Ss          , Gs^Fp       , Gs^Fp       
Hh          , Hh          , Gg          , Hh          , Hh          , Hh          , Gg          , Gg          , Rd          , Gg          , Rd          , Gg          , Gg          , Gg          , Rd          , Rd          , Gg          , Rd          , Rd          , Rd          , Rd          , Ss          , Gg          , Gg          , Ss          , Gg          , Gg          , Gg          , Gg          , Gg          , Gg          , Gs^Fp       , Qxu         , Qxu         , Gs^Fp       , Gs^Fp       , Gs^Fp       , Ss          , Ss          , Re          , Gs^Fp       , Gs^Fp       
Gg          , Gg          , Hh          , Hh          , Gg          , Gg          , Hh          , Gg          , Gg          , Rd          , Gg          , Rd          , Rd          , Rd          , Hh          , Gg          , Hh          , Gg          , Hh          , Gg          , Gg          , Rd          , Gg          , Ss          , Gg          , Ss          , Ww          , Gg          , Qxu         , Qxu         , Qxu         , Qxu         , Gg          , Gs^Fp       , Gs^Fp       , Ss          , Gs^Fp       , Gs^Fp       , Ss          , Ss^Vhs      , Gs^Fp       , Gs^Fp       
Re          , Re          , Gg          , Gg          , Rd          , Gg          , Gg          , Gg          , Gg          , Gg          , Gs          , Gg          , Rd          , Hh          , Gg          , Hh          , Gg          , Hh          , Gg          , Gg          , Hh          , Rd          , Gg          , Gg          , Gg          , Gg          , Gs^Fp       , Gs^Fp       , Re          , Re          , Re          , Gs^Fp       , Gg          , Gg          , Gs^Fp       , Gs^Fp       , Gs^Fp       , Gs^Fp       , Ss          , Gs^Fp       , Re          , Re          
Gg          , Gg          , Re          , Re          , Re          , Re          , Re          , Gg          , Gg^Gvs      , Gg^Gvs      , Gs          , Gg^Vh       , Rd          , Gg          , Gg^Es       , Gg          , Gg          , Gg          , Ce          , Gg          , Gg          , Rr          , Hh          , Gg^Es       , Hh          , Hh          , Re          , Re          , Ss          , Re          , Re          , Gg          , Gg          , Gs^Fp       , Gs^Fp       , Ss          , Ss          , Gs^Fp       , Gs^Fp       , Ss          , Gs^Fp       , Gs^Fp       
Re          , Re          , Re          , Gg          , Gg          , Ss          , Gg          , Gg          , Gg          , Gg          , Gg          , Gg          , Rd          , Rd          , Rr          , Gg          , Ce          , Ce          , Rr          , Ce          , Ce          , Rr          , Gg          , Hh          , Gg          , Gg          , Re          , Ss          , Re          , Ss          , Ss          , Re          , Ss          , Ss          , Gs^Fp       , Gs^Fp       , Gs^Fp       , Gs^Fp       , Gs^Fp       , Gs^Fp       , Gs^Fp       , Gs^Fp       
Gg          , Gg          , Ss          , Ss          , Gg          , Re          , Gg          , Gg          , Rd          , Rd          , Rd          , Rd          , Gg^Gvs      , Gg^Gvs      , Gg^Vh       , Rr          , Rr          , Rr          , Gg^Es       , Rr          , Rr          , Rr          , Ce          , Gg          , Gg          , Re          , Re          , Re          , Ww^Ewl      , Ss^Vhs      , Re          , Ss          , Gg          , Gs^Fp       , Gs^Fp       , Gs^Fp       , Ss          , Gs^Fp       , Gs^Fp       , Ss          , Ss          , Ss          
Gg          , Gg          , Gg          , Re          , Re          , Gg          , Re          , Rd          , Gg          , Gg^Vh       , Gs          , Rd          , Rd          , Gg          , Gg          , Ce          , Gg          , Rr          , Rr          , Rp^Vhcr     , Rr          , Rr          , Rr          , Ce          , Gg          , Gg          , Re          , Ss          , Ww          , Ww          , Ww          , Ss          , Ss          , Ss          , Gs^Fp       , Gs^Fp       , Gs^Fp       , Gs^Fp       , Gs^Fp       , Gs^Fp       , Gs^Fp       , Gs^Fp       
Gg          , Gg          , Gg          , Re          , Re          , Gg          , Gg          , Rd          , Gg          , Gs          , Gll^Fp      , Gg          , Gs^Fp       , Rd          , Rd          , Ce          , Ce          , Rr^Vhc      , Rr^Vhc      , Rr          , Chr         , Chr         , Rr          , Ce          , Ce          , Gg          , Re          , Ss          , Re          , Gg          , Ww          , Gs^Fp       , Gg          , Gs^Fp       , Gs^Fp       , Gs^Fp       , Gs^Fp       , Gs^Fp       , Ss          , Ss          , Gs^Fp       , Gs^Fp       
Re          , Re          , Gg          , Gg          , Gg          , Gg          , Gg          , Rd          , Gg          , Gg          , Gll^Fp      , Gll^Fp      , Hh          , Gg          , Gg          , Rd          , Rd          , Ce          , Rd          , Rd          , Chr         , 1 Kh        , Rr          , Gg          , Rr^Vhc      , Ce          , Gs^Fp       , Re          , Gg          , Gg          , Ww          , Gg          , Gg          , Gs^Fp       , Gs^Fp       , Ss          , Gs^Fp       , Gs^Fp       , Re          , Gs^Fp       , Re          , Re          
Gg          , Gg          , Chr         , Gg          , Ss          , Re          , Ss          , Rd          , Ss          , Re          , Gll^Fp      , Gll^Fp      , Hh          , Hh          , Hh          , Re          , Hh          , Rd          , Ce          , Re          , Re          , Chr         , Gg          , Rd          , Rd          , Ce          , Gg          , Gg          , Gg^Gvs      , Gg          , Ss          , Gg          , Gg          , Gg          , Gg          , Gs^Fp       , Re          , Re          , Ss          , Re          , Ss          , Ss          
Gg          , Gg          , Chs         , Chs         , Ss          , Ss          , Gg          , Ww^Bw|      , Ss          , Ss          , Ss          , Gll^Fp      , Gs^Fp       , Hh          , Hh          , Hh          , Gg          , Re          , Gg          , Ce          , Ce          , Ss          , Ce          , Rr^Vhc      , Rd          , Ce          , Gg          , Gg^Gvs      , Gg          , Gg          , Ww^Bw/      , Rd          , Rd          , Gg          , Rd          , Rd          , Gs^Fp       , Ss          , Gs^Fp       , Gs^Fp       , Gs^Fp       , Gs^Fp       
Gg          , Gg          , Ss          , Ss          , Ss          , Re          , Gg          , Rd          , Gg          , Ww          , Ss          , Gll^Fp      , Ww          , Gs^Fp       , Gs^Fp       , Hh          , Hh          , Hh          , Gg          , Gg          , Gg          , Ss          , Ss          , Ce          , Rd          , Gs          , Gg          , Hh          , Rd          , Rd          , Ww          , Gg          , Hh          , Rd          , Gg          , Gg          , Gg          , Gs^Fp       , Gs^Fp       , Ss          , Gs^Fp       , Gs^Fp       
Ss          , Ss          , Re          , Gg          , Gg          , Ss          , Ss          , Rd          , Ss          , Ss          , Ss          , Wwg         , Ww          , Ss          , Ss          , Gs^Fp       , Gs^Fp       , Gs^Fp       , Gs^Fp       , Hh          , Gg          , Gs^Fp       , Gg          , Hh          , Rd          , Gg^Vh       , Rd          , Rd          , Gg          , Gg          , Ww          , Hh          , Gs^Fp       , Gg          , Ss          , Ss          , Ss          , Ss          , Gg          , Gs^Fp       , Ss          , Ss          
Gg^Eff      , Gg          , Gg          , Gg          , Gg^Efm      , Ss          , Ss          , Rd^Bw|      , Wwg         , Wwg         , Gg          , Ss          , Ss          , Gs^Fp       , Wwg         , Ss          , Gg          , Hh          , Gs^Fp       , Gs^Fp       , Gg          , Gg          , Gg          , Gg          , Hh          , Rd          , Rd          , Gg          , Hh          , Hh          , Ss          , Gs^Fp       , Gs^Fp       , Ss          , Ww          , Ss          , Ss          , Ww          , Ss          , Gg          , Re          , Re          
Gg          , Gg^Eff      , Gg^Eff      , Gg          , Gg          , Gs          , Gs          , Rd          , Gg          , Gg          , Gg^Gvs      , Gg          , Gs^Fms      , Gs^Fp       , Gll^Fp      , Gs^Fp       , Gs^Fms      , Gg          , Gs^Fp       , Hh          , Gg          , Gs^Fp       , Gg          , Gs^Fp       , Gg          , Gs^Fp       , Gg^Vh       , Rd          , Gs^Fp       , Gs^Fp       , Gg          , Ss          , Gg          , Ss          , Ss          , Ww          , Ss          , Gg          , Gg          , Re          , Re          , Re          
Gg          , Gg          , Gg^Eff      , Gg^Eff      , Gg          , Gg          , Gg^Vh       , Rd          , Gg          , Gg^Gvs      , Gg          , Gg          , Re          , Gs^Fp       , Gll^Fp      , Gg          , Gll^Fp      , Gg          , Gg          , Gg          , Gg          , Gg          , Gg^Gvs      , Gg          , Gg          , Gs          , Gs          , Rd          , Rd          , Ss          , Gg          , Ss          , Ss          , Wwf         , Gg          , Gg          , Gs^Fp       , Gg          , Gs^Fp       , Gs^Fp       , Gg          , Gg          
Gg          , Gg^Eff      , Gg          , Gs          , Gs          , Gs          , Rd          , Rd          , Gd          , Gg          , Gg          , Re          , Ss          , Ss          , Ss          , Gll^Fp      , Ss          , Gg          , Gg          , Gg          , Ss          , Gg          , Gg^Gvs      , Gg^Gvs      , Gg          , Gs          , Gs^Fp       , Ss          , Gg          , Rd          , Rd          , Gg^Vh       , Gg          , Gg          , Gs^Fp       , Gs^Fp       , Gg          , Gg          , Gg          , Gg          , Gs^Fp       , Gs^Fp       
Gg          , Gg^Efm      , Gg          , Gg          , Gs          , Gg          , Rd          , Gg^Vh       , Gg          , Gg          , Gs          , Gg          , Gg          , Ss          , Re          , Ss          , Gs^Fp       , Gg          , Ss          , Ss          , Gg          , Gg          , Gg          , Gg          , Re          , Ss          , Gg          , Ss          , Gg          , Gs          , Gg          , Rd          , Rd          , Ss          , Gg          , Gs^Fp       , Gs^Fp       , Gg          , Gs^Fp       , Gg          , Gg          , Gg          
Rb          , Gd          , Gd          , Gd          , Gd          , Gd          , Rd          , Gg          , Gg          , Gg          , Gg          , Gs          , Gg          , Wwg         , Gg          , Gg          , Gg          , Gg          , Gg          , Gg          , Gg          , Re          , Gg          , Gg          , Gg          , Re          , Ss          , Gg          , Gg          , Ss          , Ss          , Ww          , Wwf         , Ww^Bw\      , Rd          , Gs^Fp       , Gg          , Gg          , Gg          , Gg          , Gg          , Gg          
Gg          , Rb          , Ce          , Rb          , Rb          , Gs          , Rd          , Gs^Fp       , Gg          , Gs^Fp       , Gg          , Gg          , Gs^Fp       , Gs^Fp       , Gg          , Gg          , Gg          , Gs^Fp       , Gg          , Gg          , Gg          , Gg          , Gg          , Ww          , Ss          , Gg          , Gg          , Gg          , Gs^Fp       , Gg          , Ww          , Gg          , Gg          , Gg          , Gg          , Rd          , Gg          , Gs^Fp       , Gg          , Gs^Fp       , Gg          , Gg          
Gs^Fp       , Gs^Fp       , Ce          , 3 Ke        , Ce          , Gd          , Rd          , Gd          , Gd          , Gg          , Gg          , Gs^Fp       , Gs^Fp       , Gg          , Gg          , Gs^Fp       , Gs^Fp       , Gg          , Gs^Fp       , Gg          , Gs^Fp       , Gg          , Gg          , Gg          , Gg          , Gg          , Ss          , Gg          , Gg          , Ww          , Gg          , Ss          , Gg          , Gs^Fp       , Gg^Vh       , Rd          , Gg          , Gg          , Gg          , Gg          , Gg          , Gg          
Gs^Fp       , Gs^Fp       , Gd          , Ce          , Rd          , Rd          , Gs^Fp       , Gs          , Gg          , Gs          , Gg          , Gs^Fp       , Gg          , Gg          , Gs^Fp       , Gg          , Gg          , Gs^Fp       , Gg          , Gg          , Gg          , Gg          , Gs          , Re          , Re          , Gg          , Ss          , Ss          , Ss          , Wwf         , Gg          , Gg          , Gg          , Gg          , Gs          , Rd          , Gg          , Gs^Fp       , Gg          , Gg          , Gg          , Gg          
Gg          , Gg          , Gs          , Rd          , Rd          , Gd^Vhr      , Gs          , Gs^Fp       , Gs^Fp       , Gg          , Gg          , Gg          , Gg          , Gg          , Gg          , Gs^Fp       , Gg          , Gs^Fp       , Gg          , Gg          , Gg^Gvs      , Gg^Gvs      , Gs          , Re          , Gs^Fp       , Gs^Fp       , Gg          , Gg          , Ww          , Ww          , Gg          , Ss          , Gg          , Gs          , Gg          , Rd          , Gs          , Gg          , Gs          , Gg          , Gg          , Gg          
Gs          , Gs          , Gg          , Gg^Vh       , Gs          , Rd          , Rd          , Gg          , Gs^Fp       , Gg          , Gg          , Gs^Fp       , Gs^Fp       , Gs^Fms      , Gg          , Gg          , Gg          , Gg          , Gs          , Gg^Gvs      , Gs          , Gs          , Gd          , Gd          , Gs^Fp       , Gg          , Gg          , Gg          , Ww          , Ss          , Gg          , Ww          , Gg          , Gg          , Gs          , Rd          , Gg^Vh       , Gs          , Ce          , Ce          , Ce          , Gg          
Gs^Fp       , Gs^Fp       , Gg          , Gs          , Gs          , Gs          , Gg^Vh       , Rd          , Gs^Fp       , Gs^Fp       , Gs^Fp       , Gg          , Gg          , Gs^Fp       , Gg          , Gg          , Qxu         , Gg          , Gs          , Gd          , Gd          , Gd^Vhr      , Gd          , Gs          , Gg          , Gg          , Gg          , Gs^Fp       , Ww          , Gg          , Gg          , Gg          , Gs^Fp       , Gg          , Gs          , Rd          , Gg          , Gs          , Ce          , 4 Ke        , Ce          , Gg          
Gs^Fp       , Gs^Fp       , Gg          , Gg^Gvs      , Gd^Vhr      , Gd          , Rd          , Rd          , Gs^Fp       , Gs^Fms      , Gs^Fp       , Gs^Vl       , Gg          , Gg          , Gg          , Hh          , Qxu         , Gs^Fp       , Hh          , Gs^Fp       , Gs          , Gs          , Gs          , Gs          , Gg          , Gg          , Gs^Fp       , Gg          , Ss          , Ss          , Gg          , Gs^Fp       , Gg          , Gg          , Gg          , Rd          , Rd          , Gg          , Gg          , Ce          , Rd          , Rd          
Gs^Fp       , Gs^Fp       , Gs^Fp       , Gs          , Rd          , Rd          , Gs          , Gg          , Gs^Fp       , Gg          , Gs^Fp       , Gs^Fms      , Gs^Fp       , Gg          , Gg          , Gs^Fp       , Hh          , Qxu         , Qxu         , Hh          , Gs^Fp       , Gg          , Gg          , Gg          , Gg          , Gs^Fp       , Gg          , Ss          , Ww          , Gg          , Gd^Vhr      , Gs          , Gs          , Gg          , Gg^Gvs      , Gg          , Gd^Vhr      , Rd          , Rd          , Rd          , Gg          , Gg          
Gg          , Gg          , Rd          , Rd          , Gs          , Gd^Vhr      , Gg^Gvs      , Gs^Fp       , Gg          , Gg          , Gs^Vl       , Gg          , Gs^Fp       , Gs^Fp       , Gs^Fp       , Gg          , Hh^Vhh      , Hh          , Gs^Fp       , Qxu         , Hh          , Qxu         , Hh          , Gg          , Gg          , Gg          , Ww          , Wwf         , Gg          , Gg          , Gg          , Gg          , Gg^Gvs      , Gg^Gvs      , Gg^Eff      , Gg^Eff      , Gg^Eff      , Gg          , Rd          , Gg^Vh       , Gs          , Gs          
Gg          , Gd          , Rd          , Gd          , Gs          , Gg^Gvs      , Gg          , Gs^Fp       , Gg          , Gg          , Gg          , Gg          , Gs^Fp       , Gs^Fms      , Gs^Fp       , Hh          , Hh          , Hh          , Gs^Fp       , Qxu         , Hh          , Qxu         , Hh          , Hh          , Hh          , Gg          , Ww          , Wwf         , Gg          , Gg          , Gg          , Gg^Gvs      , Gg          , Gg^Eff      , Gg          , Gg          , Gg^Eff      , Gg^Eff      , Rd          , Gg          , Gs          , Gs          
