Aa, Aa, Aa, Aa, Aa, Aa, Aa, Aa, Aa^Fpa, Aa^Fpa, Aa^Fpa, Aa^Fpa, Aa^Fpa, Aa^Fpa, Aa^Fpa, Aa^Fpa, Aa^Fpa, Aa^Fpa, Aa, Aa, Aa, Aa, Aa, Aa, Re, Aa, Aa
Aa, Aa, Aa, Aa, Cea, Aa, Aa, Aa, Aa^Fpa, Aa^Fpa, Aa^Fpa, Aa^Fpa, Aa^Fpa, Aa^Fpa, Aa^Fpa, Aa^Fpa, Aa^Fpa, Aa^Fpa, Aa, Aa, Aa, Aa, Cea, Aa, Re, Aa, Aa
Re, Re, Re, Cea, 5 Kea, Cea, Re, Aa, Aa, Aa, Aa^Fpa, Aa^Fpa, Aa^Fpa, Aa^Fpa, Aa^Vha, Aa^Fpa, Aa^Fpa, Aa^Fpa, Aa, Aa, Aa, Cea, 1 Kea, Cea, Aa, Aa, Aa
Re, Re, Re, Cea, Cea, Cea, Aa, Aa, Re, Aa, Aa, Aa, Aa, Aa^Fpa, Aa^Fpa, Aa^Fpa, Aa, Aa, Aa, Re, Aa, Cea, Cea, Cea, Aa, Aa, Aa
Re, Re, Aa, Aa, Aa, Aa, Re, Aa, Aa, Aa, Aa, Aa, Rd, Aa, Rd, Aa^Fpa, Aa, Aa, Rd, Re, Rd, Aa, Aa, Aa, Rd, Rd, Rd
Rd, Rd, Rd, Aa^Vha, Rd, Rd, Rd, Rd, Rd, Aa, Aa, Rd, Aa, Rd, Rd, Rd, Rd, Rd, Aa, Rd, Aa, Rd, Rd, Rd, Re, Re, Re
Aa, Aa, Aa, Rd, Aa, Aa, Aa, Re, Re, Rd, Rd, Rd, Aa^Fpa, Aa, Aa, Aa, Aa, Aa, Ha, Aa, Aa, Aa, Re, Aa, Aa, Aa, Aa
Aa, Aa, Aa^Fpa, Aa^Fpa, Aa^Fpa, Aa^Vha, Aa^Fpa, Aa, Aa, Re, Rd, Aa, Aa^Fpa, Aa^Vha, Aa^Fpa, Aa, Aa^Fpa, Aa, Aa, Ha, Aa, Aa, Aa, Re, Aa, Aa, Aa
Aa^Fpa, Aa^Fpa, Ww, Aa, Aa, Aa^Fpa, Aa, Aa^Fpa, Aa, Aa, Rd, Aa, Aa, Aa^Fpa, Aa, Aa^Fpa, Aa^Fpa, Aa^Fpa, Aa, Aa, Aa, Aa, Aa^Vha, Aa, Re, Aa, Aa
Ai, Ai, Ww, Ww, Ai, Ww, Ww, Aa, Ai, Ww, Ww^Bw|, Ww, Ai, Aa, Ai, Ai, Ai, Aa^Fpa, Ww, Aa, Ww, Ww, Ww, Aa, Aa, Aa, Aa
Ai, Ai, Aa^Fpa, Aa^Fpa, Aa^Fpa, Ai, Ai, Ai, Aa, Ww, Rd, Aa, Aa, Ai, Ai, Aa, Ai, Ww, Aa, Wwf, Aa, Ai, Aa^Fpa, Ww, Wwf, Ww, Ww
Aa, Aa, Aa^Fpa, Aa^Fpa, Aa^Fpa, Aa^Fpa, Aa^Fpa, Aa, Aa, Aa, Rd, Aa, Aa, Aa^Fpa, Ai, Ww, Aa, Aa, Aa, Aa, Aa^Vha, Aa, Aa^Fpa, Aa, Aa, Aa^Fpa, Aa^Fpa
Aa, Aa, Aa, Aa, Aa, Aa^Vha, Aa, Aa^Fpa, Aa, Aa, Rd, Re, Aa, Aa^Fpa, Aa^Fpa, Aa^Fpa, Aa^Fpa, Aa^Fpa, Ha, Ha, Aa^Fpa, Aa^Fpa, Aa, Re, Aa, Aa, Aa
Aa, Aa, Aa, Aa, Aa, Aa, Aa, Aa, Re, Aa, Rd, Rd, Rd, Aa^Fpa, Re, Aa, Re, Aa^Vha, Ha, Aa^Fpa, Aa^Fpa, Aa, Aa^Fpa, Re, Re, Aa^Fpa, Aa^Fpa
Aa, Aa, Aa, Aa, Chr, Aa, Aa, Re, Rd, Rd, Aa, Aa, Aa^Fpa, Rd, Rd, Rd, Rd, Aa, Aa^Fpa, Ha, Re, Aa, Aa, Aa^Fpa, Aa, Aa^Fpa, Aa^Fpa
Aa, Aa, Aa, Chr, 2 Kh, Chr, Rd, Rd, Re, Aa, Aa, Aa, Aa^Fpa, Aa, Ha, Aa, Aa^Vha, Rd, Re, Re, Ha, Re, Re, Re, Re, Aa^Fpa, Aa^Fpa
Aa, Aa, Aa, Chr, Chr, Chr, Aa, Rd, Aa, Aa, Re, Aa, Aa^Fpa, Aa, Aa, Ha, Aa, Aa^Fpa, Ha, Ha, Aa, Aa, Aa^Fpa, Aa^Fpa, Re, Aa^Fpa, Aa^Fpa
Aa, Aa, Aa, Aa, Aa, Aa, Rd, Rd, Aa^Vha, Aa, Aa, Aa, Aa^Fpa, Aa, Aa, Aa, Aa, Ha, Aa, Aa, Aa, Aa, Aa, Aa^Fpa, Re, Aa, Aa
Aa, Aa, Aa, Aa, Rd, Rd, Aa, Aa, Ha, Aa, Aa, Aa, Aa, Aa^Vha, Aa^Fpa, Aa^Fpa, Aa, Aa, Aa, Aa^Fpa, Ha, Ha, Ha, Aa^Fpa, Re, Aa^Fpa, Aa^Fpa
Aa, Aa^Vha, Aa, Rd, Aa, Aa, Ha, Ha, Aa, Ha, Aa, Aa^Fpa, Aa^Fpa, Aa^Fpa, Aa, Aa, Ww, Ww, Ww, Ha, Ms, Ha, Aa^Fpa, Aa, Aa^Fpa, Re, Re
Ha, Ha, Ha, Rd, Aa, Ha, Aa, Aa, Aa^Fpa, Aa, Aa, Aa, Aa, Ai, Ai, Ww, Aa, Aa, Ha, Ha, Ha, Ha, Aa^Fpa, Aa^Vha, Rd, Rd, Rd
Aa, Aa, Aa, Rd, Rd, Aa, Aa, Aa, Aa, Aa^Fpa, Aa^Fpa, Aa^Fpa, Aa, Aa, Aa, Ww, Aa, Aa, Ha, Ms, Ha, Aa^Fpa, Rd, Rd, Aa^Fpa, Aa^Fpa, Aa^Fpa
Aa, Aa, Aa, Aa, Rd, Rd, Rd, Aa, Re, Aa, Aa, Aa, Aa, Aa^Fpa, Aa, Ai, Aa, Aa^Fpa, Aa^Fpa, Ha, Aa^Fpa, Rd, Aa, Aa^Fpa, Ai, Ww, Ww
Aa, Aa, Aa, Rd, Aa, Aa, Aa, Rd, Rd, Aa, Aa, Ha, Ha, Ha, Aa, Ai, Ai, Aa^Fpa, Aa, Ha, Aa, Rd, Ai, Ai, Aa, Aa, Aa
Aa, Aa, Aa, Aa, Aa, Aa, Aa^Vha, Aa, Aa, Rd, Rd, Aa, Aa, Aa, Aa, Aa, Aa, Ai, Ww, Aa, Ww, Ai, Chr, Chr, Chr, Aa, Aa
Aa, Aa, Aa, Aa, Aa, Ha, Ha, Ha, Aa, Aa, Rd, Aa, Aa, Aa^Fpa, Aa^Fpa, Ha, Aa, Aa, Aa, Ai, Aa^Vha, Rd, Chr, 3 Kh, Chr, Aa, Aa
Aa, Aa, Aa, Aa, Aa, Aa, Aa, Aa, Rd, Rd, Aa, Aa, Ha, Ha, Ha, Ha, Ha, Ha, Ha, Aa, Aa^Fpa, Rd, Rd, Chr, Aa, Aa, Aa
Ha, Ha, Ha, Aa, Ha, Aa, Aa, Rd, Aa^Vha, Aa, Ha, Ha, Ha, Ms, Ha, Ms, Ms, Ms, Ha, Aa^Fpa, Aa^Fpa, Aa^Fpa, Rd, Aa, Aa, Aa^Fpa, Aa^Fpa
Aa^Fpa, Aa^Fpa, Aa^Fpa, Ha, Aa, Ha, Aa, Rd, Aa, Ha, Aa^Fpa, Aa^Fpa, Aa^Fpa, Ha, Ww, Ha, Ha, Ha, Aa, Ha, Aa, Aa, Ww^Bw|, Ww, Ww, Ww, Ww
Aa^Fpa, Aa^Fpa, Aa^Fpa, Aa^Fpa, Aa, Aa, Re, Rd, Rd, Aa, Aa, Aa^Fpa, Aa^Fpa, Aa^Fpa, Ww, Aa^Fpa, Aa, Ha, Aa, Aa, Aa, Ww, Rd, Aa, Aa^Fpa, Aa, Aa
Aa^Fpa, Aa^Fpa, Aa^Fpa, Aa^Fpa, Aa, Re, Aa, Aa^Fpa, Aa, Rd, Aa, Aa^Fpa, Aa^Fpa, Aa^Fpa, Ww, Aa^Fpa, Aa, Ha, Aa, Aa, Ai, Ww, Aa^Vha, Rd, Aa^Fpa, Aa^Fpa, Aa^Fpa
Aa^Fpa, Aa^Fpa, Aa^Vha, Aa, Aa, Aa, Aa, Re, Aa, Rd, Aa, Aa^Fpa, Aa^Fpa, Aa, Ww^Bw/, Rd, Rd, Aa^Vha, Ai, Ai, Aa, Aa^Fpa, Aa^Fpa, Rd, Rd, Aa^Fpa, Aa^Fpa
Aa, Aa, Aa, Aa, Cea, Cea, Cea, Aa, Aa, Rd, Aa^Vha, Aa, Rd, Rd, Ai, Re, Aa, Rd, Ww^Bw\, Aa, Rd, Aa, Aa, Aa^Fpa, Aa, Rd, Rd
Re, Re, Re, Re, Cea, 4 Kea, Cea, Aa, Aa^Vha, Rd, Rd, Rd, Aa^Fpa, Aa, Aa, Ww, Ai, Ai, Aa, Rd, Aa, Rd, Rd, Aa, Rd, Rd, Rd
Re, Re, Aa, Re, Aa, Cea, Aa, Aa, Rd, Rd, Aa^Fpa, Aa^Fpa, Aa^Fpa, Aa^Fpa, Aa^Fpa, Aa, Ww, Aa, Aa, Aa, Aa^Fpa, Aa^Fpa, Aa^Vha, Rd, Aa^Fpa, Aa^Fpa, Aa^Fpa
Aa^Fpa, Aa^Fpa, Aa^Fpa, Aa, Aa, Aa, Rd, Rd, Aa, Aa, Aa^Fpa, Aa^Fpa, Aa, Aa, Ww, Ai, Aa, Aa, Aa, Aa^Fpa, Aa^Fpa, Aa^Fpa, Aa^Fpa, Aa^Fpa, Aa^Fpa, Aa^Fpa, Aa^Fpa
Aa^Fpa, Aa^Fpa, Aa^Fpa, Aa, Aa, Aa, Rd, Rd, Aa, Aa, Aa^Fpa, Aa^Fpa, Aa, Aa, Ww, Ai, Aa, Aa, Aa, Aa^Fpa, Aa^Fpa, Aa^Fpa, Aa^Fpa, Aa^Fpa, Aa^Fpa, Aa^Fpa, Aa^Fpa
