border_size=1
usage=map

Gs^Fp       , Gs^Fp       , Gs^Fp       , Gs^Fp       , Gs^Fp       , Gs^Fp       , Gs^Fp       , Gs^Fp       , Gg          , Gg          , Gg          , Gg          , Gg          , Gg          , Gg          , Gs^Fp       , Gg          , Rr          , Rr          , Gs^Fp       , Gs^Fp       , Gs^Fp       
Gs^Fp       , Gs^Fp       , Gs^Fp       , Gs^Fp       , Gs^Fp       , Gs^Fp       , Gs^Fp       , Gs^Fp       , Gg          , Gg          , Gg          , Gg          , Gg          , Gg          , Gg          , Gs^Fp       , Gg          , Rr          , Rr          , Gs^Fp       , Gs^Fp       , Gs^Fp       
Gs^Fp       , Gs^Fp       , Gs^Fp       , Gs^Fp       , Gs^Fp       , Gs^Fp       , Gs^Fp       , Gg          , Gs^Fp       , Gg          , Gg          , Gg          , Gg          , Gg          , Gg          , Gg          , Gg          , Gg          , Rr          , Gg          , Gg          , Gg          
Gs^Fp       , Gs^Fp       , Gg          , Gg          , Gg          , Ss          , Gg          , Gs^Fp       , Ss          , Gg          , Gg          , Gg          , Gg          , Gg          , Gg          , Gg          , Ce          , Gg          , Rr          , Gg          , Gs^Fp       , Gs^Fp       
Gs^Fp       , Gs^Fp       , Gg          , Ss          , Gg          , Gg          , Gg          , Gg          , Gg          , Gg          , Gg          , Gg          , Gg          , Gg          , Gg          , Ce          , 2 Ke        , Ce          , Rr          , Gg          , Hh          , Hh          
Gg          , Gg          , Re          , Gg          , Re          , Gg          , Re          , Re          , Re          , Re          , Re          , Gg          , Gg          , Gg          , Gg          , Ce          , Ce          , Ce          , Rd          , Gg          , Gs^Fp       , Gs^Fp       
Re          , Re          , Gg          , Re          , Gg          , Re          , Gs^Fp       , Ss          , Gg          , Gg          , Gs^Fp       , Re          , Re          , Gg          , Gg^Vh       , Gg          , Re          , Gg          , Rd          , Gg          , Hh          , Hh          
Gs^Fp       , Gs^Fp       , Gs^Fp       , Gs^Fp       , Gg          , Gs^Fp       , Gg          , Hh          , Hh          , Ss          , Gs^Fp       , Gg          , Gg          , Re          , Re          , Re          , Gg          , Rd          , Rd          , Hh          , Hh          , Hh          
Gs^Fp       , Gs^Fp       , Gs^Fp       , Gs^Fp       , Gg          , Gg          , Gg^Vh       , Gg          , Gg          , Gg          , Gg          , Gg          , Gg          , Gs^Fp       , Gs^Fp       , Gg          , Gg          , Gg          , Rd          , Gg          , Gs^Fp       , Gs^Fp       
Gs^Fp       , Gs^Fp       , Gs^Fp       , Gg          , Gg          , Gs^Fp       , Gg          , Gg          , Hh          , Ss          , Gs^Fp       , Gs^Fp       , Gs^Fp       , Gs^Fp       , Gg          , Gs^Fp       , Gs^Fp       , Gg          , Rd          , Gg          , Gs^Fp       , Gs^Fp       
Gg          , Gg          , Gg          , Gg          , Gg          , Hh          , Gs^Fp       , Gg          , Gg          , Ss          , Gg          , Gg          , Gs^Fp       , Gg          , Gs^Fp       , Gs^Fp       , Rd          , Rd          , Gs^Fp       , Gs^Fp       , Gg          , Gg          
Ss          , Ss          , Gg          , Ss          , Gg          , Gs^Fp       , Gs^Fp       , Gg          , Gg          , Gg          , Gg          , Gg          , Gg          , Gg          , Rd          , Rd          , Gg          , Gg          , Gg          , Gg          , Gs^Fp       , Gs^Fp       
Gg          , Gg          , Ss          , Gg          , Gs^Fp       , Gs^Fp       , Gs^Fp       , Gs^Fp       , Gg          , Gg          , Gg          , Gs^Fp       , Rd          , Rd          , Gg          , Gg          , Gg          , Gs^Fp       , Gg          , Gg          , Gg          , Gg          
Gg          , Gg          , Gg          , Gg          , Gg          , Gs^Fp       , Gg          , Gs^Fp       , Gg          , Gg          , Rd          , Rd          , Gs^Fp       , Gg          , Gs^Fp       , Gg          , Gs^Fp       , Gg          , Gg          , Gs^Fp       , Gg          , Gg          
Gs^Fp       , Gs^Fp       , Gs^Fp       , Gs^Fp       , Gs^Fp       , Gs^Fp       , Gs^Fp       , Gg          , Gs^Fp       , Gg          , Rd          , Hh          , Gs^Fp       , Hh          , Gg          , Gs^Fp       , Gs^Fp       , Gg          , Gg          , Gs^Fp       , Gs^Fp       , Gs^Fp       
Gg          , Gg          , Gg          , Gg          , Gg          , Gg          , Gg          , Gg          , Rd          , Rd          , Hh          , Hh          , Gs^Fp       , Hh          , Gs^Fp       , Gs^Fp       , Hh          , Hh          , Hh          , Gg          , Gg          , Gg          
Gg          , Gg          , Gg          , Gg          , Gg          , Gg          , Gg          , Gg          , Rd          , Gg          , Gg          , Hh          , Hh          , Hh          , Hh          , Hh          , Hh          , Hh          , Gg          , Gg          , Gg          , Gg          
Gg          , Gg          , Gg          , Gg          , Gg          , Gg          , Gg          , Gg          , Rd          , Gg          , Hh          , Hh          , Gg          , Gg          , Gg          , Hh          , Gs^Fp       , Gs^Fp       , Hh          , Gg          , Gg          , Gg          
Gg          , Gg          , Gg          , Gg          , Gg          , Gg          , Re          , Re          , Gg          , Gg          , Gs^Fp       , Hh          , Gg          , Gg          , Hh          , Gg          , Gg          , Gg          , Hh          , Hh          , Gg          , Gg          
Gg          , Gg          , 1 Gg        , Gg          , Re          , Re          , Gg          , Gg          , Gg          , Gs^Fp       , Gg          , Gg          , Gg          , Gg          , Hh          , Gg          , Hh          , Gg          , Gg          , Gg          , Gg          , Gg          
Gg          , Gg       , Re          , Re          , Gg          , Gg          , Gg          , Gg          , Gg          , Gg          , Gg          , Hh          , Gg          , Gg          , Gg          , Gg          , Gg          , Gg          , Gg          , Gg          , Gg          , Gg          
Gg          , Gg          , Re          , Re          , Gg          , Gg          , Gg          , Gg          , Gg          , Gg          , Gg          , Hh          , Gg          , Gg          , Gg          , Gg          , Gg          , Gg          , Gg          , Gg          , Gg          , Gg          
