border_size=1
usage=map

Hh          , Hh          , Gg          , Hh          , Mm          , Hh          , Re          , Re          , Ce          , Re          , Gg          , Gg          , Gg          , Gg          , Gs^Fms      , Gg          , Gg          , Gg          , Re          , Gg          , Re          , Re          , Gg          , Hh          , Mm          , Hh          , Hh          
Hh          , Hh          , Gg          , Hh          , Mm          , Hh          , Re          , Re          , Ce          , Re          , Gg          , Gg          , Gg          , Gg          , Gs^Fp       , Gg          , Gg          , Gg          , Re          , Gg          , Re          , Re          , Gg          , Hh          , Mm          , Hh          , Hh          
Gg          , Gg          , Gg          , Gg          , Hh          , Hh          , Gg          , Ce          , 3 Ke        , Ce          , Gg          , Gg          , Gg          , Gg          , Gs^Fp       , Gs^Fp       , Gg          , Re          , Re          , Re          , Gg          , Gg          , Gg          , Hh          , Hh          , Hh          , Hh          
Gg          , Gg          , Hh          , Gg          , Hh          , Hh          , Gg          , Ce          , Ce          , Ce          , Gg          , Hh          , Gg          , Gg          , Gs^Fp       , Gg          , Gg^Vh       , Gg          , Gg          , Gg          , Hh          , Gg          , Hh          , Hh          , Gg^Vh       , Gg          , Gg          
Gg          , Gg          , Hh          , Hh          , Gg          , Gg          , Gg          , Gg          , Gg          , Gg          , Gg          , Hh          , Gg          , Gg          , Gg          , Hh          , Gg          , Gg          , Gg          , Gg          , Gg          , Hh          , Gg          , Gg          , Gg          , Gg          , Gg          
Rd          , Rd          , Rd          , Gs^Fp       , Gs^Fp       , Gg          , Gg          , Gg          , Gg          , Gg          , Gg          , Gg          , Gg          , Gs^Fp       , Hh          , Gg          , Gg          , Gg          , Gs^Fms      , Gg          , Re          , Gg          , Gg          , Gs^Fms      , Gs^Fms      , Gg          , Gg          
Gg          , Gg          , Rd          , Gs^Fp       , Gg          , Gg          , Gg          , Gg          , Gg          , Gg          , Gg          , Gg          , Gg          , Gg          , Gg          , Gg          , Gg          , Gs^Fms      , Gg          , Gg          , Hh          , Re          , Gg          , Gs^Fms      , Gg          , Gs^Fms      , Gs^Fms      
Gg          , Gg          , Gg          , Rd          , Gg          , Gg          , Gg          , Gg          , Gg          , Gg          , Gg          , Hh          , Gg          , Hh          , Gg          , Gg          , Gg          , Gs^Fms      , Gg          , Gg          , Gg          , Gg          , Gg          , Gs^Fms      , Ww          , Ww          , Ww          
Gg          , Gg          , Gg          , Rd          , Gg          , Gg          , Gg          , Gg          , Gg          , Gg          , Gg          , Gg          , Gg          , Gg          , Gg          , Gg          , Gg          , Gg          , Gg          , Gs^Fds      , Ww          , Gg          , Ww          , Gg          , Wwf         , Gs^Fds      , Gs^Fms      
Gg          , Gg          , Gg          , Rd          , Rd          , Gg          , Gg          , Gg          , Hh          , Gs^Fp       , Gg          , Gg          , Gg          , Gg          , Gg          , Gg          , Gg          , Gg          , Ww          , Ww          , Gs^Fds      , Ww          , Gs^Fds      , Ww          , Gs^Fds      , Re          , Re          
Gg          , Gg          , Hh          , Gg          , Gg^Vh       , Rd          , Gg          , Hh          , Hh          , Gs^Fp       , Gg          , Gg          , Gg          , Gg          , Ww          , Gg          , Ww          , Ww          , Gg          , Gg          , Gg          , Gs^Fds      , Gs^Fds      , Gs^Fds      , Gs^Fms      , Gg          , Gg          
Gg          , Gg          , Hh          , Gg          , Gg          , Rd          , Gg          , Gg          , Hh          , Gg          , Gg          , Gg          , Ww          , Ww          , Chr         , Ww          , Ww          , Gg          , Gg          , Gg          , Gg          , Gg          , Gg          , Gs^Fms      , Hh^Fp       , Gs^Fp       , Gs^Fp       
Hh          , Hh          , Hh          , Hh          , Hh          , Rd          , Rd          , Hh          , Rd          , Rd          , Rd          , Ww          , Chr         , Chr         , Kh          , Chr         , Ww          , Gg          , Gg          , Gg          , Gg          , Gg          , Gg          , Gg          , Gs^Fp       , Gs^Fp       , Gs^Fp       
Gs^Fp       , Gs^Fp       , Gs^Fp       , Hh          , Gs^Fp       , Gg          , Gg          , Rd          , Gg          , Gg          , Gg          , Ww^Bw\      , Rr          , Rrc         , Rr          , Chr         , Chr         , Ww          , Gg          , Gg          , Gg          , Gg          , Gg          , Gg          , Gg          , Gs^Fp       , Gs^Fp       
Gg          , Gg          , Gg          , Gg          , Gg          , Gg          , Gg          , Gg          , Gg          , Gg          , Gg          , Ww          , Chr         , Rr          , Rr          , Rr          , Rp          , Ww          , Gg          , Gg          , Gg          , Gg          , Gg          , Gg          , Gg          , Gg          , Gg          
Gg          , Gg          , Gg          , Gg          , Gs^Fp       , Gg          , Gg          , Gg          , Gg          , Gg          , Gg          , Ww          , Chr         , Rr          , Rr          , Chr         , Ww          , Ww^Bw\      , Rd          , Gg          , Gg          , Gg          , Gg          , Gs^Fms      , Gg          , Gg          , Gg          
Gg          , Gg          , Gg          , Gg          , Gg          , Hh          , Gs^Fp       , Gg          , Gg          , Gg          , Gg          , Ww          , Ww          , Chr         , Chr         , Chr         , Ww          , Gg          , Gg          , Rd          , Gg          , Gg          , Gg          , Gg          , Gs^Vh       , Gg          , Gg          
Gg          , Gg          , Gg          , Gg          , Gs^Fp       , Hh          , Hh          , Gg          , Gg          , Gg          , Gg          , Ss          , Ss          , Ww          , Ww          , Ww          , Gg          , Gg          , Gg          , Rd          , Gg          , Gg          , Gg          , Gg          , Gg          , Gg          , Gg          
Gg          , Gg          , Gg          , Gg          , Gg          , Gg          , Gs^Fp       , Gg          , Hh          , Gg          , Hh          , Gg          , Gg          , Gg          , Gg          , Gg          , Gg          , Gg          , Gg          , Rd          , Gg          , Gg          , Gg          , Gg          , Gg          , Gg          , Gg          
Gg          , Gg          , Gg          , Gg          , Gg          , Gg          , Gg          , Gg          , Gg          , Gg          , Gs^Fp       , Hh          , Gg          , Gg          , Gg          , Gg          , Gg          , Gg          , Gg          , Rd          , Gg          , Gg          , Gg          , Gg          , Gg          , Gg          , Gg          
Gg          , Gg          , Gg          , Gg          , Gg          , Gg          , Gs^Fp       , Gg          , Gg          , Gg          , Gg          , Gg          , Hh          , Gs^Fp       , Gg          , Gg          , Ss          , Gg          , Gg          , Rd          , Gg          , Gg          , Gg          , Gg          , Gg          , Gg          , Gg          
Re          , Re          , Re          , Gg          , Gg          , Gg          , Gg          , Hh          , Gs^Fp       , Gg          , Re          , Gg          , Gs^Fp       , Gg          , Ss          , Gg          , Gg          , Gg          , Ss          , Rd          , Re          , Gg^Vh       , Gg          , Gg          , Gg          , Gg          , Gg          
Re          , Re          , Ce          , Re          , Re          , Gg          , Gg          , Gg          , Gg          , Gg          , Re          , Gg          , Gg          , Gg          , Ss          , Gg          , Gg          , Re          , Re          , Rd          , Rd          , Re          , Ce          , Ce          , Ce          , Gg          , Gg          
Ce          , Ce          , 2 Ke        , Ce          , Re          , Gg          , Gg          , Re          , Re          , Gg          , Gg          , Re          , Gs^Fms      , Gg          , Gg          , Ss          , Gg          , Re          , Gg          , Re          , Rd          , Re          , Ce          , 1 Ke        , Ce          , Gg          , Gg          
Ce          , Ce          , Ce          , Ce          , Gg          , Re          , Gg          , Re          , Re          , Re          , Gg          , Gs^Fms      , Re          , Re          , Gg          , Gg          , Gg          , Ss          , Gg          , Re          , Re          , Rd          , Rd          , Ce          , Rd          , Gg          , Gg          
Re          , Re          , Gg          , Gg          , Gg          , Re          , Gg          , Gg          , Gg          , Re          , Re          , Gg          , Gg          , Re          , Gg          , Gg          , Gg          , Gg          , Gg          , Ss          , Gg          , Re          , Gg          , Rd          , Gg          , Rd          , Rd          
Re          , Re          , Gg          , Gg          , Gg          , Re          , Gg          , Gg          , Gg          , Re          , Re          , Gg          , Gg          , Re          , Gg          , Gg          , Gg          , Gg          , Gg          , Ss          , Gg          , Re          , Gg          , Rd          , Gg          , Rd          , Rd          
