border_size=1
usage=map

Gg          , Gg          , Gg          , Gg          , Gg          , Gg          , Hh          , Hh          , Hh          , Mm          , Hh          , Hh          , Hh          , Gs^Fp       , Gs^Fp       , Gg          , Gg          , Gg          , Gg          , Gg          , Gg          , Gg          , Gg          , Gg          , Gg          , Gg          , Gg          
Gg          , Gg          , Gg          , Gg          , Gg          , Gg          , Hh          , Hh          , Hh          , Mm          , Hh          , Hh          , Hh          , Gs^Fp       , Gs^Fp       , Gg          , Gg          , Gg          , Gg          , Gg          , Gg          , Gg          , Gg          , Gg          , Gg          , Gg          , Gg          
Gg          , Gg          , Gg          , Gg          , Gg          , Hh          , Hh          , Mm          , Hh          , Hh          , Hh          , Hh          , Hh          , Hh          , Gs^Fp       , Gg          , Gg          , Gg          , Gg          , Gg          , Gg          , Gg          , Gg          , Gg          , Gg          , Gg          , Gg          
Rd          , Rd          , Rd          , Gg          , Gg          , Gg          , Hh          , Mm          , Hh          , Gs^Fp       , Gg          , Gg          , Gs^Fp       , Gs^Fp       , Hh          , Gg          , Gg          , Gg          , Gg^Vh       , Gg          , Gg          , Gg          , Ce          , Ce          , Ce          , Gg          , Gg          
Gg          , Gg^Vh       , Rd          , Gg          , Gg          , Gg          , Hh          , Mm          , Hh          , Gg          , Gg^Vh       , Gg          , Gg          , Gg          , Hh          , Gg          , Rd          , Gg          , Rd          , Gg          , Gg          , Gg          , Ce          , 2 Ke        , Ce          , Gg          , Gg          
Gg          , Gg          , Gg          , Rd          , Rd          , Gg          , Gg          , Hh          , Hh          , Gs^Fp       , Gg          , Gg          , Hh          , Gg          , Rd          , Rd          , Gg          , Rd          , Gg          , Rd          , Rd          , Gg          , Gg          , Ce          , Rd          , Gg          , Gg          
Gg          , Gg          , Gg          , Gg          , Gg          , Rd          , Gg          , Gg          , Hh          , Hh          , Gs^Fp       , Hh          , Gg          , Rd          , Hh          , Gg          , Gg          , Gg          , Gg          , Gg          , Gg          , Rd          , Rd          , Rd          , Gg          , Rd          , Rd          
Gs^Fp       , Gs^Fp       , Gs^Fp       , Gg          , Gg          , Rd          , Gg          , Gg          , Gg          , Hh          , Gs^Fp       , Gg          , Gg          , Rd          , Gg          , Gg          , Gg          , Gg          , Gs^Fp       , Gs^Fp       , Gg          , Gg          , Gg          , Gg^Vh       , Gg          , Gg          , Gg          
Gs^Fp       , Gs^Fp       , Gs^Fp       , Gs^Fp       , Gg          , Rd          , Rd          , Gg          , Gg          , Gs^Fp       , Gg          , Gg          , Rd          , Rd          , Gg          , Gg          , Gg          , Gg          , Gg          , Gg          , Gg          , Gg          , Gg          , Gg          , Hh          , Hh          , Hh          
Gg          , Gg          , Gg          , Gg          , Gg          , Gs^Fp       , Gs^Fp       , Rd          , Rd          , Gg          , Rd          , Rd          , Gg          , Gg          , Gg          , Gg          , Gg          , Gg          , Gg          , Gg          , Gg          , Gg          , Gg          , Gg          , Gg          , Hh          , Hh          
Gg          , Gg          , Gg          , Gg^Vh       , Gg          , Gg          , Gs^Fp       , Gg          , Hh          , Rd          , Rd          , Gg          , Gg          , Gg          , Gg          , Gg^Vh       , Gg          , Gg          , Gg          , Gg          , Gg          , Gg          , Gg          , Hh          , Hh          , Mm          , Mm          
Gg          , Gg          , Gg          , Gg          , Gg          , Gg          , Gs^Fp       , Gs^Fp       , Gs^Fp       , Hh          , Gs^Fp       , Rd          , Rd          , Gg          , Gg          , Gg          , Gg          , Gg          , Gg          , Gg          , Gg          , Gg          , Gg          , Hh          , Gs^Fp       , Hh          , Hh          
Gg          , Gg          , Gg          , Gg          , Gg          , Gg          , Gs^Fp       , Gs^Fp       , Gg          , Gs^Fp       , Gg          , Hh          , Rd          , Hh          , Gg          , Gs^Fp       , Gs^Fp       , Gs^Fp       , Gg          , Gg          , Gs^Fp       , Gg          , Gs^Fp       , Gs^Fp       , Hh          , Gs^Fp       , Gs^Fp       
Gg          , Gg          , Gg          , Gg          , Gg          , Gg          , Gg          , Gg          , Hh          , Hh          , Gg          , Gg          , Gg          , Rd          , Hh          , Hh          , Hh          , Gg          , Gg          , Gs^Fp       , Hh          , Gg          , Gg          , Hh          , Gg          , Hh          , Hh          
Gg          , Gg          , Gs^Fp       , Gs^Fp       , Gs^Fp       , Gg          , Gg          , Hh          , Gg          , Gg          , Ww          , Gg          , Gg          , Rd          , Rd          , Gg          , Gg          , Gg          , Gg          , Gs^Fp       , Gg          , Gg          , Gg          , Gg          , Gs^Fp       , Gs^Fp       , Gs^Fp       
Gs^Fp       , Gs^Fp       , Gs^Fp       , Gs^Fp       , Gs^Fp       , Gg          , Ww          , Gg          , Gg          , Gg          , Gg          , Hh          , Hh          , Gg          , Rd          , Gg          , Gg          , Gg          , Gs^Fp       , Hh          , Gg          , Gg          , Gg          , Gg          , Gs^Fp       , Hh          , Hh          
Gs^Fp       , Gs^Fp       , Gs^Fp       , Gg          , Gg          , Gs^Fp       , Gg          , Gg          , Gg          , Gg          , Gg^Vh       , Gg          , Gg          , Gg          , Rd          , Gg          , Gg          , Gg          , Hh          , Gs^Fp       , Hh          , Gg^Vh       , Gg          , Gg          , Gg          , Hh          , Hh          
Gs^Fp       , Gs^Fp       , Gg          , Gs^Fp       , Gg^Vh       , Gs^Fp       , Gs^Fp       , Gs^Fp       , Gg          , Gg          , Ww          , Gg          , Gg          , Gg          , Rd          , Gg          , Gg          , Gg          , Gg          , Gg          , Ww          , Gs^Fp       , Gs^Fp       , Gs^Fp       , Gs^Fp       , Gs^Fp       , Gs^Fp       
Gs^Fp       , Gs^Fp       , Gg          , Gg          , Ww          , Ww          , Gs^Fp       , Gs^Fp       , Gs^Fp       , Ww          , Ww          , Gg          , Gg          , Gg          , Rd          , Gg          , Ce          , Gg          , Gg          , Gg          , Gs^Fp       , Ww          , Ww          , Gs^Fp       , Gg^Vh       , Gs^Fp       , Gs^Fp       
Gg          , Gg          , Gg          , Gg          , Ww          , Gs^Fp       , Gs^Fp       , Gs^Fp       , Gg          , Gs^Fp       , Ww          , Ww          , Gg^Vh       , Gg          , Rd          , Ce          , 1 Ke        , Ce          , Gg          , Gg          , Gs^Fp       , Gs^Fp       , Ww          , Gg          , Gg          , Gg          , Gg          
Gs^Fp       , Gs^Fp       , Gs^Fp       , Gs^Fp       , Ww          , Gs^Fp       , Gs^Fp       , Gs^Fp       , Gg          , Gs^Fp       , Gg          , Ww          , Gg          , Gg          , Rd          , Ce          , Ce          , Ce          , Gg          , Gg          , Gs^Fp       , Gs^Fp       , Ww          , Gg          , Gg          , Gg          , Gg          
Gs^Fp       , Gs^Fp       , Gg          , Ww          , Gs^Fp       , Gs^Fp       , Gg          , Gs^Fp       , Gg          , Gs^Fp       , Ww          , Ww          , Gg          , Gg          , Rd          , Gg          , Gg          , Gg          , Gg          , Gg          , Gg          , Gs^Fp       , Gg          , Wwf         , Ww          , Gg          , Gg          
Gs^Fp       , Gs^Fp       , Gg          , Ww          , Gs^Fp       , Gs^Fp       , Gg          , Gs^Fp       , Gg          , Gs^Fp       , Ww          , Ww          , Gg          , Gg          , Rd          , Gg          , Gg          , Gg          , Gg          , Gg          , Gg          , Gs^Fp       , Gg          , Wwf         , Ww          , Gg          , Gg          
