border_size=1
usage=map

Gs^Fp       , Gs^Fp       , Gs^Fp       , Gs^Fp       , Gs^Fms      , Gs^Fp       , Gs^Fp       , Gs^Fp       , Gg          , Rr          , Rr          , Gg          , Gg          , Gg          , Gg          , Gg          , Gg          , Gg          , Gs^Fp       , Gs^Fp       , Gs^Fp       , Gs^Fp       
Gs^Fp       , Gs^Fp       , Gs^Fp       , Gs^Fp       , Gs^Fp       , Gs^Fms      , Gs^Fms      , Gs^Fp       , Gg          , Rr          , Rr          , Gg          , Gg          , Gg          , Gg          , Gg          , Gg          , Gg          , Gs^Fp       , Gs^Fp       , Gs^Fp       , Gs^Fp       
Gs^Fp       , Gs^Fp       , Gs^Fp       , Gs^Fp       , Gs^Fms      , Gs^Fp       , Gs^Fms      , Gs^Fp       , Gg          , Gg          , Rr          , Gg          , Wwf         , Gg          , Gg          , Gg          , Gg          , Gg          , Gg          , Gg          , Gs^Fp       , Gs^Fp       
Gs^Fp       , Gs^Fp       , Gs^Fp       , Gs^Fp       , Gs^Fp       , Gs^Fp       , Gs^Fms      , Gs^Fp       , Gg          , Gg          , Rr          , Gg          , Ww          , Ss          , Ce          , Gg          , Ss          , Gg          , Gg          , Gg          , Gg          , Gg          
Gs^Fp       , Gs^Fp       , Gs^Fp       , Gs^Fp       , Gs^Fp       , Gs^Fp       , Gs^Fp       , Gs^Fp       , Gg          , Gg          , Rr          , Ss          , Ce          , Ce          , Rr^Vhc      , Ce          , Ce          , Ww          , Ss          , Gg          , Gg          , Gg          
Gs^Fp       , Gs^Fp       , Gs^Fp       , Gs^Fp       , Gs^Fp       , Gs^Fp       , Gs^Fp       , Gg          , Gg          , Gg          , Gg          , Rr          , Ce          , 2 Ke        , Rp          , Rr^Vhc      , Rr^Vhc      , Ce          , Wwf         , Gg          , Ss          , Ss          
Gs^Fp       , Gs^Fp       , Gs^Fp       , Gs^Fp       , Gs^Fp       , Gs^Fp       , Gg          , Gg          , Gg          , Gg          , Gg          , Rr          , Ce          , Rr^Vhc      , Rr^Vhc      , Re          , Re          , Ce          , Ss          , Ss          , Re          , Re          
Gs^Fp       , Gs^Fp       , Gs^Fp       , Gs^Fp       , Gs^Fp       , Gs^Fp       , Ww          , Ww          , Ww          , Ss          , Ww          , Rr          , Ss          , Ce          , Ce          , Rr^Vhc      , Ce          , Rp          , Ww^Bw\      , Re          , Re          , Re          
Gs^Fp       , Gs^Fp       , Ss          , Gs^Fp       , Ww          , Ww          , Gs^Fp       , Ww          , Gg          , Wwf         , Gg          , Ww^Bw|      , Gg          , Ss          , Ss          , Ce          , Ss          , Ss          , Re          , Rd          , Re          , Re          
Ss          , Ss          , Gs^Fp       , Gs^Fp       , Gg          , Gg          , Gg          , Gs^Fp       , Gg          , Gg          , Gg          , Rr          , Rr          , Gg          , Gg          , Ss          , Rd          , Gg          , Rd          , Rd          , Gg          , Gg          
Hh          , Hh          , Gs^Fp       , Hh          , Gg          , Gs^Fp       , Gs^Fp       , Hh          , Hh          , Gs^Fp       , Gs^Fp       , Gg          , Gg          , Rr          , Rd          , Rd          , Gg          , Rd          , Gg          , Gg          , Gg          , Gg          
Gs^Fp       , Gs^Fp       , Ss          , Gs^Fp       , Gs^Fp       , Gg          , Hh          , Hh          , Hh          , Gg          , Gs^Fp       , Gg          , Gg          , Rr          , Rr          , Gg          , Gg          , Gg          , Gs          , Gg          , Gg^Vh       , Gg          
Gg          , Gg          , Gs^Fp       , Hh          , Gs^Fp       , Hh          , Gg          , Hh          , Gs^Fp       , Gs^Fp       , Gs^Fp       , Gg          , Gg          , Gg          , Rr          , Gg          , Gg          , Gs          , Gs          , Re          , Gg          , Gg          
Gg          , Gg          , Gg          , Gs^Fp       , Gs^Fp       , Gg          , Gs^Fp       , Gg          , Gs^Fp       , Gg          , Gg          , Gg          , Gg          , Gg          , Rr          , Gg          , Gg          , Gs          , Gg          , Re          , Gg          , Gg          
Gg          , Gg          , Gg          , Gs^Fp       , Gs^Fp       , Hh          , Hh          , Hh          , Gs^Fp       , Gg          , Gg          , Gg          , Gg          , Gg          , Rr          , Gs          , Gs          , Gg          , Gg          , Re          , Gg          , Gg          
Gs^Fp       , Gs^Fp       , Gs^Fp       , Gs^Fp       , Hh          , Hh          , Gs^Fp       , Gg          , Gs^Fp       , Gs^Fp       , Gg          , Gs^Fp       , Gs^Fp       , Gg          , Rr          , Gs          , Gs          , Gg          , Rd          , Re          , Rd          , Rd          
Hh          , Hh          , Hh          , Hh          , Hh          , Gs^Fp       , Gs^Fp       , Gg          , Hh          , Gg          , Gs^Fp       , Hh          , Gs^Fp       , Gg          , Rr          , Gg^Vh       , Rd          , Rd          , Gg          , Rd          , Qxu         , Qxu         
Hh          , Hh          , Hh          , Mm          , Mm          , Hh          , Hh          , Hh          , Hh          , Hh          , Gs^Fp       , Gg          , Re          , Ce          , Rr          , Rd          , Re          , Gg          , Hh          , Gg          , Gg          , Gg          
Gs^Fp       , Gs^Fp       , Hh          , Hh          , Hh          , Hh          , Gg          , Gs^Fp       , Gs^Fp       , Gs^Fp       , Gg          , Gs^Fp       , Rr          , Rr          , Re          , Ce          , Hh          , Gg          , Hh          , Hh          , Hh          , Hh          
Hh          , Hh          , Gg          , Hh          , Hh          , Gg          , Gs^Fp       , Gs^Fp       , Gg          , Gs^Fp       , Gg          , Rr          , Gg          , Gg          , Gg          , Re          , Gg          , Hh          , Qxu         , Mm          , Mm          , Mm          
Gg          , Gg          , Gg          , Gg          , Gg          , Hh          , Gg          , Hh          , Gg          , Gg          , Rr          , Rr          , Gg          , Gg          , Gg          , Qxu         , Qxu         , Qxu         , Hh          , Mm          , Hh          , Hh          
Gg          , Gg          , Gg          , Gg          , Gg          , Gg          , Gg          , Gg          , Gg          , Gg          , Rr          , Gg          , Hh          , Gg          , Hh          , Hh          , Hh          , Hh          , Mm          , Mm          , Mm          , Mm          
Gg          , Gg          , Qxu         , Gs^Fp       , Gg          , Gg          , Gg          , Gg          , Gg          , Gg          , Rr          , Gg          , Gg          , Hh          , Gg          , Gg          , Hh          , Mm          , Hh          , Hh          , Hh          , Hh          
Gg          , Gg          , Gg          , Qxu         , Gg          , Gg          , Gs^Fp       , Gg          , Qxu         , Qxu         , Gg          , Rr          , Gs          , Gg          , Gg          , Hh          , Gg          , Hh          , Gg          , Gg          , Gg          , Gg          
Gg          , Gg          , Gg          , Gg          , Gs^Fp       , Gs^Fp       , Gs^Fp       , Gs^Fp       , Qxu         , Re          , Gg          , Rr          , Gg^Vh       , Gg          , Gs          , Gg          , Gs^Fp       , Gs^Fp       , Ss          , Gg          , Gs^Fp       , Gs^Fp       
Gg          , Gg          , Gg          , Gg          , Gg          , Gg          , Gg          , Gg          , Gg          , Gg          , Gs          , Rr          , Gs          , Gg          , Gg          , Ss          , Ss          , Ss          , Ww          , Ss          , Gs^Fp       , Gs^Fp       
Gg          , Gg          , Gg          , Gg          , Gg          , Ww          , Gg          , Gg          , Gg          , Gg          , Gg          , Rr          , Gg          , Re          , Gg^Vh       , Gs^Fp       , Ss          , Ss          , Ss          , Ss          , Gs^Fp       , Gs^Fp       
Gg          , Gg          , Gg          , Gg          , Gg          , Qxu         , Qxu         , Gg          , Gg          , Gg          , Gg^Vh       , Rr          , Ke          , Re          , Re          , Gg          , Re          , Re          , Gg^Vh       , Gs^Fp       , Gg          , Gg          
Gg          , Gg          , Gg          , Gg          , Gg          , Ss          , Ww          , Ww          , Re          , Re          , Ce          , Rr          , Ce          , Re          , Re          , Re          , Gg          , Gg          , Gg          , Gg          , Gg          , Gg          
Gg          , Gg          , Gs^Fp       , Gg          , Gg          , Gg          , Gg          , Ss          , Re          , Re          , Re          , Rr          , Re          , Re          , Ww          , Re          , Gg          , Gg          , Gs          , Gs          , Gs          , Gs          
Gs^Fp       , Gs^Fp       , Gs^Fp       , Gs^Fp       , Gs^Fp       , Gg          , Gg          , Ww          , Gg          , Ss          , Rr          , Rr          , Ww          , Ss          , Gg          , Ss          , Gg          , Ss          , Ss          , Gs          , Gg          , Gg          
Gs^Fp       , Gs^Fp       , Gs^Fp       , Gs^Fp       , Gs^Fp       , Gg          , Gg          , Gg          , Gg          , Gg          , Rr          , Gg          , Gg          , Gg          , Gg          , Gg          , Gg          , Gg          , Gg          , Ww          , Ww          , Ww          
Gs^Fp       , Gs^Fp       , Gs^Fp       , Gs^Fp       , Gs^Fp       , Gg          , Gg          , Gg          , Gg          , Gg          , Rr          , Gg          , Gg          , Gg          , Gg          , Gg          , Gg          , Gg          , Gg          , Gg          , Gg          , Gg          
Gs^Fp       , Gs^Fp       , Gs^Fp       , Gs^Fp       , Gg          , Gg          , Gg          , Gg          , Gg          , Gg          , Rr          , Gg          , Gg          , Gg          , Gg          , Gg          , Gg          , Gg          , Gg          , Gg          , Gg          , Gg          
Gs^Fp       , Gs^Fp       , Gs^Fp       , Gs^Fp       , Gs^Fp       , Gg          , Gg          , Gg          , Gg          , Gg          , Rr          , Gg          , Gg          , Gg          , Gg          , Gg          , Gg          , Gg          , Gg          , Gg          , Gg          , Gg          
Gs^Fp       , Gs^Fp       , Gs^Fp       , Gs^Fp       , Gs^Fp       , Gg          , Gg          , Gg          , Gg          , Gg          , Rr          , Gg^Vh       , Gg          , Gs^Fp       , Gs^Fp       , Gg          , Gg          , Gg          , Gs^Fp       , Gs^Fp       , Gs^Fp       , Gs^Fp       
Gs^Fp       , Gs^Fp       , Gs^Fp       , Gs^Fp       , Gs^Fms      , Gs^Fp       , Gg          , Gs          , Gs          , Gg          , Rr          , Gg          , Gg          , Gs^Fp       , Gs^Fp       , Gg          , Re          , Re          , Gs^Fp       , Gs^Fp       , Gs^Fp       , Gs^Fp       
Gs^Fp       , Gs^Fp       , Gs^Fp       , Gll^Fp      , Gll^Fp      , Gs^Fp       , Gg          , Gs          , Gg          , Gg^Vh       , Rr          , Rd          , Rd          , Gg          , Rd          , Re          , Gs^Fp       , Gg          , Gs^Fp       , Gs^Fp       , Gs^Fp       , Gs^Fp       
Gs^Fp       , Gs^Fp       , Gs^Fp       , Gs^Fp       , Gs^Fp       , Gs^Fms      , Gg          , Gg          , Gg          , Ce          , 1 Ke        , Ce          , Rd          , Rd          , Gg^Vh       , Gs^Fp       , Gs^Fp       , Gs^Fp       , Gs^Fp       , Gs^Fp       , Gs^Fp       , Gs^Fp       
Gs^Fp       , Gs^Fp       , Gs^Fp       , Gs^Fp       , Gs^Fp       , Gs^Fp       , Gg          , Gg          , Re          , Ce          , Rr          , Ce          , Rd          , Gs          , Gs          , Gs^Fp       , Gs^Fp       , Gs^Fp       , Gs^Fp       , Gs^Fp       , Gs^Fp       , Gs^Fp       
Gs^Fp       , Gs^Fp       , Gs^Fp       , Gs^Fp       , Gs^Fp       , Gs^Fp       , Gg          , Gg          , Re          , Re          , Rr          , Rr          , Re          , Re          , Re          , Gg          , Gg          , Gg          , Gg          , Gs^Fp       , Gs^Fp       , Gs^Fp       
Gs^Fp       , Gs^Fp       , Gs^Fp       , Gs^Fp       , Gs^Fp       , Gs^Fp       , Gg          , Gg          , Re          , Re          , Rr          , Rr          , Re          , Re          , Re          , Gg          , Gg          , Gg          , Gg          , Gs^Fp       , Gs^Fp       , Gs^Fp       
