border_size=1
usage=map

Mm          , Mm          , Mm          , Mm          , Mm          , Mm          , Hh          , Hh          , Gs^Fp       , Gs^Fp       , Ww          , Ww          , Gs^Fp       , Gs^Fp       , Gs^Fp       , Gg          , Ww          , Ww          , Gg          , Gg          , Rd          , Rd          , Gg          , Gg          , Gs^Fp       , Gs^Fp       , Gg          , Gg          , Gs^Fp       , Gs^Fp       , Gg          , Gg          
Mm          , Mm          , Mm          , Mm          , Mm          , Mm          , Hh          , Hh          , Gs^Fp       , Gs^Fp       , Ww          , Ww          , Gs^Fp       , Gs^Fp       , Gs^Fp       , Gg          , Ww          , Ww          , Gg          , Gg          , Rd          , Rd          , Gg          , Gg          , Gs^Fp       , Gs^Fp       , Gg          , Gg          , Gs^Fp       , Gs^Fp       , Gg          , Gg          
Mm          , Mm          , Mm          , Mm          , Hh          , Hh          , Gs^Fp       , Gs^Fp       , Gg^Vh       , Ww          , Ww          , Gg          , Ww          , Ww          , Ww          , Ww          , Gg          , Gg          , Rd          , Rd          , Gg          , Gs^Fp       , Gs^Fp       , Gg          , Gs^Fp       , Gs^Fp       , Gg          , Gg          , Gg          , Gg          , Gg          , Gg          
Mm          , Mm          , Hh          , Hh          , Hh          , Hh          , Gs^Fp       , Gg          , Ww          , Ww          , Gg          , Ww          , Gg          , Gg          , Gg          , Gg          , Rd          , Rd          , Gg          , Rd          , Rd          , Gg          , Gg          , Gg          , Gg          , Gg          , Rd          , Gg          , Gg          , Gs^Fp       , Gs^Fp       , Gs^Fp       
Hh          , Hh          , Hh          , Hh          , Gs^Fp       , Gs^Fp       , Gg          , Gg          , Ww          , Ww          , Gg          , Gg          , Gg          , Gg          , Rd          , Rd          , Gg^Vh       , Gg          , Gg          , Gg          , Gg          , Rd          , Rd          , Gg^Vh       , Rd          , Rd          , Gg          , Rd          , Rd          , Gs^Fp       , Gg          , Gg          
Hh          , Hh          , Hh          , Hh          , Hh          , Gs^Fp       , Gg          , Ww          , Gg^Vh       , Gg          , Gg          , Gg          , Rd          , Rd          , Hh          , Hh          , Gg          , Gg          , Hh          , Hh          , Hh          , Gg          , Gg          , Rd          , Gg          , Gg          , Gs^Fp       , Gg          , Gg          , Rd          , Gg          , Gg          
Hh          , Hh          , Hh          , Hh          , Hh          , Hh          , Ww          , Ww          , Gg          , Gg          , Ce          , Gg          , Rd          , Hh          , Gg          , Gg          , Gg          , Hh          , Gg          , Gg          , Hh          , Hh          , Hh          , Gg          , Hh          , Gg          , Gs^Fp       , Gg          , Gs^Fp       , Rd          , Rd          , Rd          
Mm          , Mm          , Mm          , Mm          , Hh          , Ww          , Gg          , Gg          , Gg          , Ce          , 2 Ke        , Ce          , Rd          , Hh          , Rd          , Gg          , Gg          , Gg          , Hh          , Gg          , Gg          , Hh          , Hh          , Hh          , Gg          , Gg          , Gs^Fp       , Gs^Fp       , Gg          , Gg^Vh       , Rd          , Rd          
Mm          , Mm          , Qxu         , Hh          , Ww          , Ww          , Gg          , Gg          , Gg          , Ce          , Ce          , Ce          , Gg          , Rd          , Hh^Vhh      , Rd          , Gg          , Gg          , Hh          , Hh          , Gg          , Gg          , Gg          , Gg          , Hh          , Hh          , Gg          , Gs^Fp       , Gg          , Gs^Fp       , Rd          , Rd          
Mm          , Mm          , Mm          , Qxu         , Gg          , Ww          , Gg          , Gg          , Gg          , Gg          , Gg          , Gg          , Gg          , Hh          , Gg          , Rd          , Rd          , Gg          , Hh          , Gg          , Gg          , Gg          , Hh          , Hh          , Gs^Fp       , Gg          , Gs^Fp       , Gs^Fp       , Gg          , Gg          , Rd          , Rd          
Hh          , Hh          , Mm          , Mm          , Hh          , Qxu         , Qxu         , Hh          , Hh          , Hh          , Hh          , Gg          , Gg          , Gg          , Gg          , Gg^Vh       , Rd          , Gg          , Gg          , Gg          , Gg          , Hh          , Gs^Fp       , Gs^Fp       , Qxu         , Gg          , Gs^Fp       , Gg          , Gg          , Gg          , Rd          , Rd          
Mm          , Mm          , Mm          , Hh^Vhh      , Gg          , Hh          , Mm          , Mm          , Mm          , Mm          , Hh          , Hh          , Hh          , Gg          , Gg          , Rd          , Hh          , Hh          , Gg          , Gg          , Qxu         , Gg          , Gg          , Qxu         , Gg          , Gs^Fp       , Gg          , Gg          , Rd          , Rd          , Gg          , Gg          
Hh          , Hh          , Hh          , Mm          , Gg          , Mm          , Hh          , Mm          , Hh          , Hh          , Mm          , Mm          , Hh          , Hh          , Hh          , Rd          , Gg          , Gg          , Gg          , Gg          , Hh^Vhh      , Qxu         , Gs^Fp       , Gs^Fp       , Gs^Fp       , Gg          , Gg          , Gg          , Rd          , Gg^Vh       , Gg          , Gg          
Mm          , Mm          , Mm          , Gg          , Mm          , Hh          , Mm          , Hh          , Mm          , Mm          , Hh          , Hh          , Qxu         , Qxu         , Rd          , Rd          , Qxu         , Qxu         , Mm          , Gg          , Hh          , Gg          , Gg          , Gg          , Gg          , Gg          , Rd          , Rd          , Gg          , Gg          , Gs^Fp       , Gs^Fp       
Hh          , Hh          , Hh          , Gg          , Hh          , Mm          , Hh          , Hh          , Hh          , Hh          , Gg          , Hh          , Rd          , Rd          , Qxu         , Qxu         , Hh          , Hh          , Mm          , Mm          , Hh          , Gs^Fp       , Mm          , Gg          , Gs^Fp       , Gg          , Rd          , Gg^Vh       , Gg          , Gs^Fp       , Gs^Fp       , Gs^Fp       
Gs^Fp       , Gs^Fp       , Gg          , Gg          , Gs^Fp       , Hh          , Gs^Fp       , Gs^Fp       , Gg          , Gs^Fp       , Rd          , Rd          , Gg          , Qxu         , Hh          , Hh          , Mm          , Mm          , Hh          , Hh          , Gs^Fp       , Mm          , Hh          , Hh          , Gg          , Gg          , Rd          , Gg          , Ce          , Gg          , Gg          , Gg          
Gs^Fp       , Gs^Fp       , Gg          , Gg          , Gg          , Gs^Fp       , Gs^Fp       , Gg          , Gg          , Gg          , Rd          , Gg          , Gs^Fp       , Gs^Fp       , Hh          , Hh          , Hh          , Mm          , Gs^Fp       , Gg          , Gg          , Hh          , Gg          , Gs^Fp       , Gg          , Gg^Vh       , Rd          , Ce          , 3 Ke        , Ce          , Gg          , Gg          
Gg          , Gg^Vh       , Gg          , Gg          , Ce          , Gg          , Gg          , Gg          , Gg          , Gg          , Rd          , Gg          , Rd          , Hh          , Gg          , Gs^Fp       , Gg          , Hh          , Rd          , Gg^Vh       , Rd          , Gg          , Rd          , Gg          , Rd          , Rd          , Gg          , Ce          , Ce          , Ce          , Gg          , Gg          
Gg          , Gg          , Gg          , Ce          , 1 Ke        , Ce          , Rd          , Rd          , Rd          , Rd          , Gg^Vh       , Rd          , Qxu         , Rd          , Rd          , Gg          , Rd          , Rd          , Gg          , Rd          , Gg          , Rd          , Gg          , Rd          , Gs^Fp       , Gg          , Gg          , Gg          , Gg          , Gg          , Gs^Fp       , Gs^Fp       
Gs^Fp       , Gs^Fp       , Gg          , Ce          , Ce          , Ce          , Gg          , Gg          , Rd          , Gg          , Gg          , Qxu         , Gs^Fp       , Gg          , Gg          , Rd          , Gg          , Gg          , Gs^Fp       , Gg          , Gs^Fp       , Gg          , Gg          , Gs^Fp       , Gg          , Gg          , Gs^Fp       , Gg          , Gg          , Gg          , Gg          , Gg          
Gs^Fp       , Gs^Fp       , Gs^Fp       , Gg          , Gg          , Gs^Fp       , Gs^Fp       , Gs^Fp       , Rd          , Gg          , Qxu         , Qxu         , Gg          , Gs^Fp       , Gs^Fp       , Gg          , Gg          , Gg          , Gg          , Gs^Fp       , Gg          , Gs^Fp       , Gg          , Gs^Fp       , Gg          , Gg          , Gs^Fp       , Gg          , Gg          , Gg^Vh       , Gg          , Gg          
Gs^Fp       , Gs^Fp       , Gs^Fp       , Gg          , Gg          , Gs^Fp       , Gs^Fp       , Gs^Fp       , Rd          , Gg          , Qxu         , Qxu         , Gg          , Gs^Fp       , Gs^Fp       , Gg          , Gg          , Gg          , Gg          , Gs^Fp       , Gg          , Gs^Fp       , Gg          , Gs^Fp       , Gg          , Gg          , Gs^Fp       , Gg          , Gg          , Gg          , Gg          , Gg          
