Gs^Fp, Gs^Fp, Hh, Hh, Gg, Gg, Gg, Gg, Gg, Rd, Rd, Gg, Gg, Gg, Gg, Gg, Gg, Gg, Gs^Fp, Gs^Fp, Hh, Hh, Mm, Gs^Fp, Hh, Hh
Gs^Fp, Gs^Fp, Hh, Hh, Gg, Gg, Gg, Gg, Gs, Rd, Rd, Gg, Gg, Gg, Gg, Gg, Gg, Gg, Gs^Fp, Gs^Fp, Hh, Hh, Mm, Gs^Fp, Hh, Hh
Gs^Fp, Gs^Fp, Gs^Fp, Hh, Hh, Gg, Gg, Gs, Gd^Vhr, Gs, Rd, Rd, Cer, Cer, Cer, Gg, Gg, Gg, Gs, Gg, Gs^Fp, Hh, Hh, Hh, Gs^Fp, Gs^Fp
Gs^Fp, Gs^Fp, Hh, Hh, Hh, Gg, Gg, Gs, Rd, Rd, Hh, Gg, Cer, Ker, Cer, Gg, Gg, Gs, Gd^Vhr, Gs, Gg, Gs^Fp, Hh, Mm, Gs^Fp, Gs^Fp
Hh, Hh, Hh, Hh, Hh, Gg, Gg, Rd, Gg, Hh, Gg, Gg, Gg, Cer, Gg, Gg, Gs^Fp, Gs, Gs, Gs, Hh, Hh, Mm, Gs^Fp, Hh, Hh
Gg, Gg, Gg, Hh, Gg, Gg, Gg, Rd, Gg, Gg, Gg, Gg, Gs^Fp, Gg, Gg, Gg, Gg, Gs^Fp, Gg, Gg, Gg, Hh, Hh, Hh, Gg, Gg
Gs^Fp, Gs^Fp, Gs^Fp, Gg, Gs^Fp, Gg, Gg, Rd, Gg, Gg, Gg, Gs^Fp, Gs^Fp, Gs^Fp, Gs^Fp, Gs^Fp, Gg, Gs^Fp, Gs^Fp, Gg, Gg, Gg, Gs^Fp, Gg, Gs^Fp, Gs^Fp
Gg, Gg, Gs, Gs^Fp, Gg, Gg, Rd, Rd, Rb, Gg, Rb, Gg, Gg, Gg, Gg, Gs^Fp, Gs^Fp, Gg, Gg, Gg, Gs^Fp, Gs^Fp, Gs^Fp, Gs^Fp, Gg, Gg
Gg, Gs, Gd^Vhr, Gs, Rd, Rd, Gg, Gg, Gg, Rb, Gg, Rb, Rb, Gg, Gg, Gs^Fp, Gs^Fp, Gs^Fp, Gg, Gg, Gs^Fp, Gs^Fp, Gd^Vhr, Gs^Fp, Gg, Gg
Gg, Gs, Rd, Rd, Gg, Gg, Gs^Fp, Gg, Gs^Fp, Gg, Gs^Fp, Gg, Gg, Rb, Rb, Gg, Gs^Fp, Gg, Gg^Em, Gg, Gg, Gs^Fp, Gs^Fp, Gs^Fp, Gs^Fp, Gs^Fp
Rd, Rd, Gg, Gg, Gs^Fp, Gs^Fp, Gs^Fp, Gs^Fp, Ss, Gs^Fp, Gs^Fp, Gs^Fp, Gs^Fp, Gg, Gs, Rb, Gs, Gg^Em, Ss, Gg^Em, Gg^Em, Gs^Fp, Gg, Gs^Fp, Gs^Fp, Gs^Fp
Rd, Rd, Rd, Gg, Gs^Fp, Gs^Fp, Ss, Ss, Gll, Gll, Gs^Fp, Gs^Fp, Gs, Gs, Gd, Rb, Ww^Bw\, Ss, Gs^Fp, Ss, Ss, Gg^Em, Gg^Em, Hh, Hh, Hh
Gg, Gg, Rd, Gg, Gs^Fp, Ss, Ss, Gll, Hhd, Gg, Gg, Gs, Gd^Edt, Gd^Es, Chs^Edp, Ss, Ss^Vhs, Gs, Gll^Feth, Gll, Gll, Ss, Gg^Em, Hh, Mm, Mm
Gg, Gg, Rd, Gg, Gs^Fp, Gll, Gll, Gll, Hhd, Hhd, Hhd, Gs, Gd^Es, Chw^Edt, 2 Khr, Sm, Sm, Gs, Gll, Gd^Vhr, Gs^Fp, Ss, Gg^Em, Hh, Mm, Mm
Gg, Gg, Rd, Gs^Fp, Gs^Fp, Gll, Ss, Gs^Fp, Gs^Fp, Hhd, Md, Hhd, Gd^Edt, Chr^Edb, Chr^Edb, Chw^Es, Gd^Fetd, Ss, Ss, Gs^Fp, Ss, Ss, Gg^Em, Hh, Hh, Hh
Gg, Gg, Rd, Gs^Fp, Gs^Fp, Gs^Fp, Gll, Gs^Fp, Gs^Fp, Hhd, Hhd, Hhd, Gd^Es, Chr^Edb, Rp^Es, Rp^Edt, Ww, Ww, Gg^Em, Ss, Gg^Em, Gg^Em, Gs^Fp, Hh, Hh, Hh
Gs^Fp, Gs^Fp, Rd, Gg, Gs^Fp, Gs^Fp, Ss, Ss, Ss, Gs^Fp, Gd^Fetd, Hhd, Gd^Edt, Chw^Edb, Sm, Rd^Em, Gg, Rb, Hh, Gg^Em, Gg, Hh, Hh, Hh, Gg, Gg
Gs^Fp, Gs^Fp, Gg, Rd, Gg, Gg, Ss, Ss, Ss, Ss, Rb, Rb, Rb, Sm, Rb, Rb, Gg, Hh, Gg, Hh, Gg, Gs, Gd^Vhr, Gs, Hh, Hh
Gs^Fp, Gs^Fp, Gs^Fp, Rd, Rd, Gg, Ww, Ss, Rb, Ww^Bw/, Ss, Ss, Ww, Rb, Qxu, Gg, Hh, Hh, Mm, Gg, Gg, Gs^Fp, Gs^Fp, Gs^Fp, Gg, Gg
Gs^Fp, Gs^Fp, Gg, Rd, Re, Rd, Gg, Ss, Rb, Ww, Ww, Ss, Ss, Gg, Gg, Qxu, Qxu, Hh, Hh, Mm, Hh, Hh, Hh, Gs^Fp, Gs^Fp, Gs^Fp
Gg, Gg, Rd, Rd, Rd, Rd, Rb, Rb, Gs^Fp, Ww, Ss, Ww, Ww, Gg, Hh, Hh, Hh, Qxu, Qxu, Hh, Hhd, Md, Hhd, Gs^Fp, Gs^Fp, Gs^Fp
Rd, Rd, Ce, Ce, Ce, Re, Gg, Gs^Fp, Gs^Fp, Gg, Ww, Ww, Rb, Gg, Gg, Gg, Gs^Fp, Hh, Gs^Fp, Gs^Fp, Hhd, Uhe, Hhd, Hhd^Vhhr, Gs^Fp, Gs^Fp
Gg, Gg, Ce, 1 Ke, Ce, Re, Gg, Gg, Gs^Fp, Gg, Gg, Gg, Gg, Gs^Fp, Gs^Fp, Gs^Fp, Gs^Fp, Gs^Fp, Gs^Fp, Hh, Mm, Md, Hh, Gs, Gs^Fp, Gs^Fp
Gg, Gg, Gg, Ce, Re, Re, Gg, Gg, Gg, Gs^Fp, Gs^Fp, Gs^Fp, Gg, Gs^Fp, Gs^Fp, Gs^Fp, Hh, Hh, Hh, Hh, Hh, Hh, Gs^Fp, Gs, Gs^Fp, Gs^Fp
Gg, Gg, Gg, Gg, Re, Gg, Gg, Gg, Gg, Gg, Gg, Gg, Gg, Gs^Fp, Gs^Fp, Gg, Hh, Mm, Hh, Gs^Fp, Gs^Fp, Gs^Fp, Gs^Fp, Gs^Fp, Gg, Gg
Gg, Gg, Gg, Gg, Re, Gg, Gg, Gg, Gg, Gg, Gg, Gg, Gg, Gs^Fp, Gs^Fp, Gg, Hh, Mm, Hh, Gs^Fp, Gs^Fp, Gs^Fp, Gs^Fp, Gs^Fp, Gg, Gg
