border_size=1
usage=map

CI          , CI          , CI          , CI          , CI          , CI          , CI          , CI          , CI          , CI          , CI          , CI          , CI          , CI          , CI          
CI          , 2 CI        , 3 CI        , 4 CI        , CI          , CI          , CI          , CI          , CI          , CI          , CI          , CI          , CI          , CI          , CI          
CI          , CI          , CI          , CI          , CI          , CI          , CI          , 1 CI        , CI          , CI          , CI          , CI          , CI          , CI          , CI          
CI          , CI          , CI          , TA       , CI          , TA       , CI          , TA       , CI          , TA       , CI          , TA       , CI          , CI          , CI          
CI          , CI          , CI          , CI          , CI          , CI          , CI          , CI          , CI          , CI          , CI          , CI          , CI          , CI          , CI          
CI          , CI          , CI          , CI          , CI          , CI          , CI          , CI          , CI          , CI          , CI          , CI          , CI          , CI          , CI          
CI          , CI          , CI          , CI          , CI          , CI          , CI          , CI          , CI          , CI          , CI          , CI          , CI          , CI          , CI          
CI          , CI          , CI          , TA       , CI          , TA       , CI          , TA       , CI          , TA       , CI          , TA       , CI          , CI          , CI          
CI          , CI          , CI          , CI          , CI          , CI          , CI          , CI          , CI          , CI          , CI          , CI          , CI          , CI          , CI          
CI          , CI          , CI          , CI          , CI          , CI          , CI          , CI          , CI          , CI          , CI          , CI          , CI          , CI          , CI          
