border_size=1
usage=map

Gg          , Gg          , Gg          , Gg          , Gs^Fp       , Gs^Fp       , Gg          , Hh          , Hh          , Hh          , Mm          , Hh          , Qxu         , Hh          , Gg          , Gg          , Ce          , Gg          , Gg          , Gg          , Gs^Fp       , Gs^Fp       , Gg          , Gg          , Gg          , Rd          , Gg          , Gg          , Gg          , Gg          , Gs^Fp       , Gg          , Gs^Fp       , Gs^Fp       
Gg          , Gg          , Gg          , Gg          , Gs^Fp       , Gs^Fp       , Gg          , Hh          , Hh          , Hh          , Mm          , Hh          , Qxu         , Hh          , Gg          , Gg          , Ce          , Gg          , Gg          , Gg          , Gs^Fp       , Gs^Fp       , Gg          , Gg          , Gg          , Rd          , Gg          , Gg          , Gg          , Gg          , Gs^Fp       , Gg          , Gs^Fp       , Gs^Fp       
Gg          , Gg          , Gg          , Gs^Fp       , Gs^Fp       , Gs^Fp       , Gs^Fp       , Hh          , Hh          , Mm          , Hh          , Hh          , Qxu         , Gg          , Gg          , Ce          , 4 Ke        , Ce          , Gg          , Gg          , Gs^Fp       , Gs^Fp       , Gg          , Gg          , Rd          , Rd          , Gg          , Gs^Fp       , Gs^Fp       , Gs^Fp       , Gs^Fp       , Gg          , Gs^Fp       , Gs^Fp       
Gg          , Gg          , Gg          , Gs^Fp       , Gs^Fp       , Gs^Fp       , Gs^Fp       , Gg          , Gg          , Hh          , Hh          , Qxu         , Gg          , Gg^Vh       , Gg          , Ce          , Ce          , Ce          , Gg          , Gs^Fp       , Gs^Fp       , Gs^Fp       , Gg          , Gg^Vh       , Rd          , Gg          , Gg          , Gg          , Gg          , Gg          , Gg          , Gs^Fp       , Gg          , Gg          
Gg          , Gg          , Gg          , Gg          , Gs^Fp       , Gs^Fp       , Gs^Fp       , Gs^Fp       , Gs^Fp       , Hh          , Hh          , Hh          , Wwf         , Gg          , Wwf         , Gg          , Gg          , Gg          , Gs^Fp       , Gs^Fp       , Gg          , Gg          , Rd          , Rd          , Gg          , Gg          , Gg^Vh       , Gs^Fp       , Gg          , Gg          , Gg          , Gg          , Gg^Vh       , Gg          
Gg          , Gg          , Gg          , Gg          , Gs^Fp       , Gs^Fp       , Gs^Fp       , Gg          , Gg          , Hh          , Mm          , Hh          , Hh          , Wwf         , Wwf         , Gg          , Gg          , Gg          , Gg          , Gg          , Gg          , Rd          , Re          , Gg          , Gg          , Gg          , Gs^Fp       , Gs^Fp       , Gg          , Gg          , Gg          , Gg          , Gg          , Gg          
Gg          , Gg^Vh       , Gg          , Gg          , Gg          , Gs^Fp       , Gg          , Hh          , Hh          , Hh          , Hh          , Hh          , Hh          , Gg          , Wwf         , Gs^Fp       , Gs^Fp       , Gg          , Gg          , Gg          , Rd          , Rd          , Gg          , Gg          , Gg          , Gg          , Gg          , Gg          , Gg          , Gs^Fp       , Gs^Fp       , Gg          , Gg          , Gg          
Gg          , Gg          , Gg          , Gg          , Gg          , Gs^Fp       , Hh          , Hh          , Mm          , Hh          , Mm          , Mm          , Hh          , Gg          , Wwf         , Ww          , Ww          , Gs^Fp       , Gs^Fp       , Gg^Vh       , Rd          , Gg          , Gg          , Gg          , Gg          , Gg          , Hh          , Hh          , Gg          , Gs^Fp       , Gs^Fp       , Gs^Fp       , Gs^Fp       , Gs^Fp       
Gg          , Gg          , Gg          , Gg          , Gg          , Gs^Fp       , Hh          , Mm          , Mm          , Hh          , Mm          , Mm          , Hh          , Gg          , Gg          , Wwf         , Gg          , Wwf         , Wwf         , Gs^Fp       , Rd          , Gg          , Gs^Fp       , Gs^Fp       , Gs^Fp       , Gg          , Gg          , Hh          , Gg          , Gg          , Gg          , Gg          , Gg          , Gg          
Gg          , Gg          , Gs^Fp       , Gg          , Gg          , Gg          , Hh          , Mm          , Mm          , Hh          , Mm          , Mm          , Hh          , Gs^Fp       , Gg          , Gg          , Qxu         , Gg          , Gg          , Ww          , Ww^Bw|      , Gs^Fp       , Ww          , Wwf         , Wwf         , Gs^Fp       , Gs^Fp       , Gg          , Gg          , Gg^Vh       , Gg          , Gg          , Gg          , Gg          
Gg          , Gg          , Gs^Fp       , Gg          , Gg^Vh       , Gg          , Hh          , Mm          , Hh          , Hh          , Mm          , Mm          , Hh          , Gg          , Gg          , Gs^Fp       , Qxu         , Gg          , Gg          , Gg          , Rd          , Ww          , Gg          , Gs^Fp       , Gs^Fp       , Ww          , Ww          , Gs^Fp       , Gs^Fp       , Gg          , Gg          , Gg          , Gg          , Gg          
Gs^Fp       , Gs^Fp       , Gg          , Gg          , Gs^Fp       , Gs^Fp       , Gs^Fp       , Hh          , Hh          , Hh          , Hh          , Hh          , Gg          , Gg          , Qxu         , Gg          , Gg          , Gg          , Rd          , Rd          , Gg          , Rd          , Rd          , Gg          , Gg          , Gs^Fp       , Gs^Fp       , Ww          , Gs^Fp       , Gg          , Gg          , Gg          , Gg          , Gg          
Gs^Fp       , Gs^Fp       , Gg          , Gg          , Gg          , Gs^Fp       , Gs^Fp       , Gs^Fp       , Hh          , Hh          , Hh          , Gg          , Gg          , Qxu         , Gs^Fp       , Gg          , Gg          , Gg          , Rd          , Gg^Vh       , Gg          , Gg          , Re          , Rd          , Rd          , Gs^Fp       , Gs^Fp       , Ww          , Wwf         , Gs^Fp       , Gg          , Gg          , Gg          , Gg          
Gs^Fp       , Gs^Fp       , Gg          , Gg          , Gg          , Gg          , Gg          , Gs^Fp       , Hh          , Mm          , Mm          , Hh          , Gg          , Gg          , Gg          , Gg          , Rd          , Rd          , Gg          , Gg          , Re          , Re          , Re          , Re          , Rd          , Gg          , Gg          , Gs^Fp       , Wwf         , Gs^Fp       , Gg          , Gg          , Gg          , Gg          
Gg          , Gg          , Gg^Vh       , Gg          , Gg          , Gg          , Gg          , Gs^Fp       , Hh          , Mm          , Mm          , Hh          , Gg          , Gg          , Gg          , Rd          , Re          , Gg^Vh       , Gg          , Gg          , Gg          , Gg          , Gg          , Rd          , Gg          , Gg          , Gg          , Wwf         , Gs^Fp       , Gs^Fp       , Gg          , Gg^Vh       , Gg          , Gg          
Gg          , Gg          , Gg          , Gg          , Ce          , Gg          , Gg          , Gg          , Gg          , Hh          , Hh          , Hh          , Gg          , Gg          , Gg          , Rd          , Gg          , Gg          , Chr         , Gg          , Gg          , Gg          , Rd          , Rd          , Rd          , Gg          , Gg          , Wwf         , Gs^Fp       , Gg          , Gg          , Gg          , Gg          , Gg          
Gg          , Gg          , Gg          , Ce          , 2 Ke        , Ce          , Gg          , Gg          , Hh          , Hh          , Mm          , Hh          , Gg          , Re          , Re          , Rr          , Rr          , Chr         , Rr          , Ch          , Rr          , Rr          , Re          , Gg^Vh       , Rd          , Gg          , Gg          , Ww          , Gg          , Gg          , Gg          , Gs^Fp       , Gg          , Gg          
Gs^Fp       , Gs^Fp       , Gg          , Ce          , Ce          , Ce          , Gg          , Hh          , Mm          , Hh          , Hh          , Hh          , Gg          , Re          , Re          , Chr         , Ch          , Rr          , 3 Kh        , Rr          , Ch          , Chr         , Re          , Gg          , Rd          , Gg          , Gg          , Ww          , Gg          , Gg          , Gs^Fp       , Gs^Fp       , Gs^Fp       , Gs^Fp       
Gs^Fp       , Gs^Fp       , Gg          , Gg          , Gg          , Gg          , Gg          , Hh          , Hh          , Mm          , Hh          , Qxu         , Qxu         , Gg          , Re          , Re          , Re          , Ch          , Ch          , Ch          , Re          , Re          , Re          , Gg          , Rd          , Gg          , Gg          , Ww          , Ww          , Gg          , Gs^Fp       , Gs^Fp       , Gs^Fp       , Gs^Fp       
Gs^Fp       , Gs^Fp       , Gg          , Gg^Vh       , Gg          , Gg          , Gs^Fp       , Gs^Fp       , Hh          , Mm          , Hh          , Gg          , Gg          , Gg          , Gg          , Re          , Re          , Re          , Re          , Re          , Re          , Re          , Gg          , Gg          , Rd          , Gg          , Gs^Fp       , Gg          , Ww          , Gg          , Gg          , Gs^Fp       , Gg          , Gg          
Gs^Fp       , Gs^Fp       , Gs^Fp       , Gg          , Gg          , Gg          , Gg          , Gs^Fp       , Gs^Fp       , Hh          , Hh          , Hh          , Wwf         , Wwf         , Wwf         , Gg          , Gg          , Re          , Gg          , Re          , Gg          , Gg^Vh       , Rd          , Rd          , Gg          , Gs^Fp       , Gs^Fp       , Gg          , Gg          , Ww          , Ww          , Gg          , Wwf         , Wwf         
Gs^Fp       , Gs^Fp       , Gs^Fp       , Gs^Fp       , Gg          , Gg          , Gg          , Gg          , Gs^Fp       , Hh          , Mm          , Hh          , Hh          , Gg          , Gg          , Wwf         , Wwf         , Gg          , Ww          , Gg          , Ce          , Rd          , Rd          , Gg          , Gs^Fp       , Gs^Fp       , Gg          , Gg          , Ww          , Ww          , Gg          , Ww          , Gg          , Gg          
Gs^Fp       , Gs^Fp       , Gs^Fp       , Gs^Fp       , Gg          , Gg          , Gg          , Gg          , Gs^Fp       , Hh          , Hh          , Mm          , Hh          , Hh          , Hh          , Gs^Fp       , Gs^Fp       , Wwf         , Gg          , Ww          , Ww^Bw/      , Rd          , Ww          , Gg          , Ww          , Gs^Fp       , Wwf         , Ww          , Gg          , Gg          , Gs^Fp       , Gg          , Gg^Vh       , Gg          
Gs^Fp       , Gs^Fp       , Gs^Fp       , Gg          , Gg          , Gg          , Gg          , Gg          , Gg          , Gg          , Gg          , Hh          , Hh          , Mm          , Hh          , Gg          , Gg          , Gs^Fp       , Gs^Fp       , Rd          , Gg          , Ww          , Gs^Fp       , Ww          , Gs^Fp       , Ww          , Gg          , Gg          , Gg          , Gs^Fp       , Gs^Fp       , Gs^Fp       , Gg          , Gg          
Gg          , Gg          , Gg          , Gs^Fp       , Gs^Fp       , Gs^Fp       , Gs^Fp       , Gg^Vh       , Gs^Fp       , Gg          , Gg          , Gg          , Hh          , Hh          , Hh          , Hh          , Gg          , Gg^Vh       , Rd          , Rd          , Gg          , Gs^Fp       , Gg          , Gs^Fp       , Gg          , Gs^Fp       , Gg          , Gg          , Gg          , Gg          , Gg          , Gg          , Gg          , Gg          
Hh          , Hh          , Hh          , Gg          , Gg          , Gg          , Gg          , Gs^Fp       , Gg          , Gg          , Gg          , Gg          , Gg          , Hh          , Gg          , Hh          , Gg          , Gg          , Rd          , Gg          , Gg          , Gg          , Gs^Fp       , Gs^Fp       , Gs^Fp       , Gg          , Gg          , Gg^Vh       , Gg          , Gg          , Gg          , Gg          , Gg          , Gg          
Hh          , Hh          , Hh          , Hh          , Hh          , Hh          , Hh          , Hh          , Hh          , Gg          , Gg          , Gg          , Gg          , Gg          , Gg          , Gg          , Gg          , Gg          , Rd          , Gg          , Gg          , Gs^Fp       , Gg          , Gg          , Gg          , Gs^Fp       , Gg          , Gg          , Gg          , Gg          , Gg          , Gg          , Gg          , Gg          
Hh          , Hh          , Mm          , Mm          , Mm          , Mm          , Mm          , Hh          , Hh          , Gg          , Gg          , Gg^Vh       , Gs^Fp       , Gs^Fp       , Gs^Fp       , Gs^Fp       , Gs^Fp       , Gg          , Gg          , Rd          , Re          , Re          , Re          , Gg^Vh       , Gg          , Gs^Fp       , Gg          , Gg          , Gs^Fp       , Gg          , Gs^Fp       , Gs^Fp       , Gs^Fp       , Gs^Fp       
Mm          , Mm          , Mm          , Mm          , Hh          , Mm          , Hh          , Hh          , Gs^Fp       , Gg          , Gs^Fp       , Gg          , Gs^Fp       , Gs^Fp       , Gg          , Gg          , Gg          , Gg          , Rd          , Rd          , Gg          , Re          , Gg          , Re          , Re          , Gg          , Gg          , Gs^Fp       , Gg          , Gs^Fp       , Gg          , Gs^Fp       , Gs^Fp       , Gs^Fp       
Hh          , Hh          , Hh          , Hh          , Hh          , Hh          , Gs^Fp       , Gg          , Gs^Fp       , Gs^Fp       , Gs^Fp       , Gs^Fp       , Gg          , Gg          , Gg          , Gg          , Re          , Re          , Rd          , Re          , Ce          , Ce          , Ce          , Re          , Gg^Vh       , Re          , Re          , Gg          , Gg          , Gg          , Gg          , Gs^Fp       , Gs^Fp       , Gs^Fp       
Hh          , Hh          , Gs^Fp       , Gs^Fp       , Gs^Fp       , Gs^Fp       , Gs^Fp       , Gs^Fp       , Gs^Fp       , Gs^Fp       , Gg          , Gs^Fp       , Gg          , Gg^Vh       , Gg          , Gg          , Re          , Re          , Rd          , Re          , Ce          , 1 Ke        , Ce          , Re          , Re          , Re          , Re          , Gg          , Re          , Re          , Gg          , Gs^Fp       , Gg          , Gg          
Hh          , Hh          , Gs^Fp       , Gs^Fp       , Gs^Fp       , Gs^Fp       , Gs^Fp       , Gs^Fp       , Gs^Fp       , Gs^Fp       , Gg          , Gs^Fp       , Gs^Fp       , Gg          , Gg          , Gg          , Gg          , Re          , Rd          , Rd          , Re          , Ce          , Gg          , Gg          , Re          , Re          , 5 Kh        , Re          , Gg          , Re          , Gg          , Gg          , Gg          , Gg          
Gs^Fp       , Gs^Fp       , Gs^Fp       , Gs^Fp       , Gg          , Gs^Fp       , Gg          , Gs^Fp       , Gg          , Gs^Fp       , Gg          , Gg          , Gg          , Gs^Fp       , Gg          , Gg          , Gg          , Gg          , Gg          , Rd          , Rd          , Re          , Re          , Re          , Gg          , Gg          , Gg          , Gg          , Gg          , Gg          , Gg          , Gg          , Gg          , Gg          
Gs^Fp       , Gs^Fp       , Gs^Fp       , Gs^Fp       , Gg          , Gs^Fp       , Gg          , Gs^Fp       , Gg          , Gs^Fp       , Gg          , Gg          , Gg          , Gs^Fp       , Gg          , Gg          , Gg          , Gg          , Gg          , Rd          , Rd          , Re          , Re          , Re          , Gg          , Gg          , Gg          , Gg          , Gg          , Gg          , Gg          , Gg          , Gg          , Gg          
