Gg, Gg, Gg, Rd, Rd, Gg, Rd, Gg, Rd, Gg, Rd, Gs^Fp, Gg, Gg, Gs^Fp, Gg, Gs^Fp, Gg, Gs^Fp, Gg, Gs^Fp, Gg, Gg, Gg, Ce, Rd, Ce, Gg, Gg, Gs^Fp, Gs^Fp, Gs^Fp
Gg, Gg, Gg, Rd, Rd, Gg, Rd, Gg, Rd, Gg, Rd, Gs^Fp, Gg, Gg, Gs^Fp, Gg, Gs^Fp, Gg, Gs^Fp, Gg, Gs^Fp, Gg, Gg, Gg, Ce, Rd, Ce, Gg, Gg, Gs^Fp, Gs^Fp, Gs^Fp
Ww, Ww, Ww, Gg^Vh, Gg, Rd, Gg, Rd, Gg, Rd, Gg, Rd, Rd, Rd, Rd, Gg, Gg, Gs^Fp, Gg, Gs^Fp, Gg, Gg, Gg, Ce, Gg^Vh, Rd, Gg^Vh, Ce, Gg, Gg, Gs^Fp, Gs^Fp
Gs^Fp, Gs^Fp, Gs^Fp, Ww, Ww^Bw|, Gg, Gs^Fp, Gg, Gg, Gg, Gg, Gg^Vh, Gg, Gg, Gg, Rd, Rd, Gg, Rd, Gg, Gg^Vh, Gg, Gg, Ce, Rd, Rd, Ce, Ke, Gg, Gg, Gs^Fp, Gs^Fp
Gg, Gg, Gg, Gs^Fp, Gg, Ww, Gg, Gs^Fp, Gg, Gs^Fp, Gs^Fp, Gg, Gs^Fp, Gs^Fp, Gg, Gg, Gs^Fp, Rd, Gg, Rd, Rd, Rd, Rd, Rd, Rd, Ce, Gg, Gg, Gg, Gs^Fp, Gs^Fp, Gs^Fp
Gg, Gg, Gs^Fp, Gg^Vh, Gg, Ww, Ww, Gg, Gg, Gg, Ww, Ww, Ww, Ww, Ww, Gg, Gs^Fp, Gg, Gg, Gg, Gg, Gg, Gs^Fp, Gs^Fp, Rd, Gg, Gg, Gs^Fp, Gs^Fp, Gs^Fp, Gg, Gg
Gs^Fp, Gs^Fp, Gg, Gg, Gg, Gs^Fp, Gg^Vh, Ww^Bw/, Ww, Gg, Gg, Ww, Ww, Wo, Ww, Gg, Gg, Gs^Fp, Gg, Gg, Gg, Gs^Fp, Gg, Gg, Rd, Gg, Gg, Gs^Fp, Gg, Gg, Gs^Fp, Gs^Fp
Gg, Gg, Gg, Gg, Gs^Fp, Gs^Fp, Gs^Fp, Gs^Fp, Gg, Ww, Ww, Ww, Gg, Ww, Gs^Fp, Gg, Gg^Vh, Gg, Gg, Gg, Gg, Gg, Gg, Gs^Fp, Rd, Rd, Gg, Gg, Gg, Gg, Gg, Gg
Gg, Gg, Gs^Fp, Gs^Fp, Gg, Gg, Gg, Gs^Fp, Gg, Gg, Gg, Ww, Gs^Fp, Gg, Gs^Fp, Gs^Fp, Gs^Fp, Gs^Fp, Gs^Fp, Hh, Hh, Gg, Rd, Rd, Gg, Rd, Rd, Gg^Vh, Gg, Gs^Fp, Gs^Fp, Gs^Fp
Gg, Gg, Gg, Gg, Gg, Gg, Gg, Gg, Gg, Gg, Gg, Ww, Ww, Gs^Fp, Gs^Fp, Gg, Ww, Gs^Fp, Gg^Vh, Gs^Fp, Rd, Rd, Hh, Hh, Hh, Gg, Gg, Rd, Rd, Gg, Gg, Gg
Gg, Gg, Gg, Gg, Gg, Gg, Gs^Fp, Gg, Gg, Gg, Gs^Fp, Gs^Fp, Gg, Ww, Ww, Ww, Ce, Hh, Rd, Rd, Gg, Gg, Gs^Fp, Gg, Gg, Gg, Gg, Gs^Fp, Rd, Gg, Hh, Hh
Gg, Gg, Gg, Gg, Gs^Fp, Gs^Fp, Gs^Fp, Gs^Fp, Ss, Ss, Ss, Ss, Ww, Ww^Bw\, Rd, Ce, Gg^Vh, Rd, Ce, Ww, Ww, Gs^Fp, Gg^Vh, Gg, Rd, Rd, Rd, Gg, Rd, Gg, Hh, Hh
Gg, Gg, Gs^Fp, Gg, Gg, Gs^Fp, Gg, Ss, Ss, Gs^Fp, Ss, Ss, Ww, Ce, Rd, Rd, Ce, Rd, Rd, Ce, Ww^Bw/, Rd, Rd, Rd, Gg, Gg, Gg, Rd, Gg, Gs^Fp, Hh, Hh
Gg, Gg, Gs^Fp, Gs^Fp, Gg, Gs^Fp, Ss, Gs^Fp, Gs^Fp, Ss, Ss, Ss, Ww, Ce, Rd, Ce, 2 Ke, Ce, Gg^Vh, Rd, Ww, Gs^Fp, Gg, Gs^Fp, Gg, Gs^Fp, Gs^Fp, Rd, Gs^Fp, Gg, Hh, Hh
Gs^Fp, Gs^Fp, Gg, Gg, Ss, Ss, Gg, Ss, Ss, Gs^Fp, Ss, Ss, Ww^Bw/, Rd, Gg^Vh, Ce, Ce, Ce, Rd, Ce, Ww, Ww, Ss, Gg, Ss, Gs^Fp, Gg, Rd, Gg, Gs^Fp, Hh, Hh
Gg, Gg, Gg, Gs^Fp, Gs^Fp, Gs^Fp, Ss, Gs^Fp, Ss, Ss, Gg, Gg, Ww, Ce, Ce, Rd, Gg^Vh, Rd, Rd, Ce, Ww, Ss, Ss, Ss, Gg, Gg, Gg, Rd, Rd, Gg, Gs^Fp, Gs^Fp
Gg, Gg, Gs^Fp, Gs^Fp, Gs^Fp, Ss, Gg, Ss, Gs^Fp, Gg, Gs^Fp, Ss, Ss, Ww, Ww, Rd, Ce, Ce, Ww, Ww^Bw\, Gg, Gs^Fp, Qxu, Qxu, Hh, Gg, Gg, Gg^Vh, Rd, Gg, Gs^Fp, Gs^Fp
Gg, Gg, Gs^Fp, Gg, Gg, Gg, Gg, Gs^Fp, Gg, Ss, Ww, Ss, Ss, Gs^Fp, Ss, Ww^Bw|, Ww, Ww, Ss, Ss, Gg, Qxu, Ss, Gg, Hh, Gg, Gg, Gg, Rd, Gg, Gg, Gg
Gg, Gg, Gg, Gg, Gs^Fp, Hh, Hh, Gs^Fp, Gg, Ss, Ss, Ss, Gs^Fp, Qxu, Qxu, Ww^Bw|, Gs^Fp, Ww, Ss, Ss, Qxu, Ss, Gs^Fp, Gg, Gs^Fp, Gs^Fp, Gg, Gg, Rd, Gg, Gg, Gg
Gs^Fp, Gs^Fp, Gg, Gg, Gg, Gg, Gg, Hh, Hh, Gg, Gg, Gg, Gg, Ss, Ss, Ww^Bw|, Qxu, Ss, Ss, Qxu, Hh, Gg, Gs^Fp, Ss, Gs^Fp, Gg, Gg, Gg, Gg, Rd, Gg, Gg
Gs^Fp, Gs^Fp, Gs^Fp, Gs^Fp, Gg, Gg, Gs^Fp, Gg, Gg, Gg, Hh, Hh, Hh, Gg, Gs^Fp, Gg, Ss, Qxu, Re, Re, Ss, Gg, Gs^Fp, Gs^Fp, Gg, Gg, Gg, Gg, Rd, Rd, Gg, Gg
Gg, Gg, Gg^Vh, Gg, Gg, Gg, Gs^Fp, Gs^Fp, Gg, Gg, Gg, Gs^Fp, Gg, Gg, Hh, Gg, Gg, Gg, Ss, Re, Gs^Fp, Gs^Fp, Gs^Fp, Gs^Fp, Gg, Gg, Gg^Vh, Gg, Rd, Gg, Gg, Gg
Gg, Gg, Gg, Gg, Gg, Gs^Fp, Gg, Gs^Fp, Gg, Gg, Gg, Gs^Fp, Gs^Fp, Gg, Re, Re, Gs^Fp, Gs^Fp, Gs^Fp, Gs^Fp, Gg, Gs^Fp, Gg, Gg, Gg, Gg, Rd, Rd, Gs^Fp, Gs^Fp, Gs^Fp, Gs^Fp
Gg, Gg, Ce, Ce, Ce, Gg, Gg, Gg, Gs^Fp, Gs^Fp, Gg^Vh, Gg, Gs^Fp, Gg, Re, Gs^Fp, Rd, Rd, Rd, Gg, Gg, Gg, Rd, Rd, Rd, Rd, Gg, Gg, Gs^Fp, Gs^Fp, Gs^Fp, Gs^Fp
Gg, Gg, Ce, 1 Ke, Ce, Rd, Gg, Gs^Fp, Gg, Gg, Gg, Gg, Gg, Gg, Rd, Rd, Gs^Fp, Gs^Fp, Gg, Rd, Rd, Rd, Gg, Gg, Gg, Gg, Gs^Fp, Gs^Fp, Gs^Fp, Gs^Fp, Gs^Fp, Gs^Fp
Gg, Gg, Gg, Ce, Gg, Rd, Rd, Rd, Rd, Rd, Rd, Rd, Rd, Rd, Gg, Re, Gg, Gg, Gg, Gg, Gg, Gs^Fp, Gs^Fp, Gs^Fp, Gs^Fp, Gs^Fp, Gg, Gs^Fp, Gs^Fp, Gs^Fp, Gs^Fp, Gs^Fp
Gg, Gg, Gg, Gs, Gg, Rd, Rd, Rd, Rd, Rd, Rd, Rd, Rd, Rd, Gg, Re, Gg, Gg, Gg, Gg, Gg, Gs^Fp, Gs^Fp, Gs^Fp, Gs^Fp, Gs^Fp, Gg, Gs^Fp, Gs^Fp, Gs^Fp, Gs^Fp, Gs^Fp
