border_size=1
usage=map

Aa          , Aa          , Aa          , Aa^Fpa      , Aa^Fpa      , Aa^Fpa      , Aa^Fpa      , Aa^Fpa      , Ai          , Aa          , Aa          , Aa^Fpa      , Aa^Fpa      , Aa^Fpa      , Aa          , Aa          , Aa^Fpa      , Aa          , Aa          , Aa          , Ai          , Ai          , Ai          , Ss          , Aa          , Aa          , Aa          , Ai          , Ai          , Aa^Fpa      , Aa^Fpa      , Aa^Fpa      
Aa          , Aa          , Aa          , Aa^Fpa      , Aa^Fpa      , Aa^Fpa      , Aa^Fpa      , Aa^Fpa      , Ai          , Aa          , Aa          , Aa^Fpa      , Aa^Fpa      , Aa^Fpa      , Aa          , Aa          , Aa^Fpa      , Aa          , Aa          , Aa          , Ai          , Ai          , Ai          , Ss          , Aa^Vha      , Aa          , Aa          , Ai          , Ai          , Aa^Fpa      , Aa^Fpa      , Aa^Fpa      
Aa          , Aa          , Ce          , Ce          , Ce          , Aa          , Aa          , Aa^Fpa      , Aa^Fpa      , Aa          , Aa^Fpa      , Aa          , Ai          , Aa^Fpa      , Ai          , Aa^Fpa      , Ai          , Ai          , Aa          , Aa^Fpa      , Ai          , Ai          , Ss          , Ss          , Aa^Fpa      , Aa^Fpa      , Ss          , Aa          , Aa^Fpa      , Aa^Fpa      , Aa^Fpa      , Aa^Fpa      
Aa          , Aa          , Ce          , 1 Ke        , Ce          , Aa          , Aa          , Aa          , Aa          , Aa^Fpa      , Aa^Fpa      , Aa          , Aa          , Aa^Fpa      , Aa          , Ai          , Ai          , Aa          , Aa          , Ai          , Aa          , Ss          , Ss          , Aa^Fpa      , Aa^Fpa      , Ss          , Chs         , Aa          , Ss          , Ss          , Ss          , Ss          
Aa          , Aa          , Aa          , Ce          , Aa          , Rd          , Rd          , Aa          , Aa          , Aa          , Aa          , Aa          , Aa^Vha      , Aa          , Aa          , Aa^Fpa      , Aa^Fpa      , Aa          , Ai          , Aa          , Aa^Fpa      , Ss          , Aa^Fpa      , Ai          , Ss          , Chs         , 2 Kh        , Chs         , Ai          , Ai          , Ww          , Ww          
Aa          , Aa          , Aa          , Aa          , Aa          , Aa          , Aa^Fpa      , Rd          , Aa          , Ss          , Ss          , Ai          , Ss          , Ss          , Ai          , Aa          , Aa^Fpa      , Aa          , Ai          , Aa          , Aa          , Ai          , Ai          , Ai          , Ss          , Chs         , Chs         , Chs         , Ss          , Ss^Vhs      , Ww          , Ww          
Aa^Fpa      , Aa^Fpa      , Aa^Fpa      , Aa          , Aa^Fpa      , Aa          , Aa          , Aa^Fpa      , Ss          , Ww^Bw\      , Rd          , Aa          , Ai          , Ss          , Ai          , Ss          , Ss          , Aa          , Ai          , Ss          , Ss          , Ai          , Ss          , Aa^Fpa      , Ww^Bw/      , Rd          , Rd          , Rd          , Rd          , Rd          , Aa          , Aa          
Ai          , Ai          , Ai          , Aa^Fpa      , Aa          , Aa          , Ai          , Ai          , Aa          , Aa^Vha      , Aa^Fpa      , Rd          , Rd          , Rd          , Rd          , Ss          , Ss          , Aa          , Ai          , Ai          , Aa          , Ss          , Ww^Bw/      , Ww^Bw/      , Aa^Fpa      , Aa^Fpa      , Ss          , Aa          , Ww          , Ss          , Aa          , Aa          
Ww          , Ww          , Ww          , Ww          , Ww          , Aa          , Ww          , Ai          , Ai          , Aa          , Ai          , Rd          , Ce          , Ce          , Ce          , Rd          , Rd          , Ai          , Rd          , Rd          , Rd          , Rd          , Ss          , Ss^Vhs      , Aa^Fpa      , Ss          , Ss          , Ss^Vhs      , Ww          , Ss          , Ss          , Ss          
Aa^Fpa      , Aa^Fpa      , Aa          , Ai          , Aa^Fpa      , Ww          , Ai          , Ai          , Aa^Fpa      , Aa^Fpa      , Ai          , Rd          , Ce          , 3 Ke        , Ce          , Aa^Vha      , Rd          , Rd          , Aa          , Aa          , Aa          , Ss          , Ww          , Ss          , Ai          , Aa^Fpa      , Ss          , Ww          , Ai          , Ss          , Ai          , Ai          
Aa^Fpa      , Aa^Fpa      , Aa          , Aa^Fpa      , Aa^Fpa      , Ai          , Aa          , Aa          , Rd          , Ai          , Ai          , Rd          , Ai          , Ce          , Aa          , Aa          , Rd          , Ss          , Aa          , Ai          , Ss          , Ww          , Ss          , Ss          , Ai          , Ai          , Ss          , Ww          , Ai          , Ss          , Ss          , Ss          
Aa^Fpa      , Aa^Fpa      , Aa^Fpa      , Aa^Fpa      , Aa          , Aa^Fpa      , Aa^Fpa      , Rd          , Ai          , Rd          , Rd          , Rd          , Ss          , Aa          , Ai          , Aa          , Rd          , Aa^Fpa      , Ai          , Aa          , Ss          , Ss          , Ai          , Ss          , Ss          , Ss          , Ai          , Ai          , Ai          , Ss          , Ai          , Ai          
Aa          , Aa          , Aa^Vha      , Aa          , Aa          , Aa^Fpa      , Aa^Fpa      , Rd          , Rd          , Ai          , Aa          , Aa          , Ss          , Ss^Vhs      , Ss          , Ss          , Aa^Fpa      , Rd          , Aa^Fpa      , Ss          , Aa          , Ai          , Ss          , Ss          , Ww          , Ss          , Ss          , Ss          , Ss          , Ss          , Ss          , Ss          
Aa          , Aa          , Aa          , Aa          , Aa          , Ai          , Aa^Fpa      , Aa^Fpa      , Rd          , Aa          , Ai          , Ai          , Aa          , Ai          , Aa^Fpa      , Aa          , Ss          , Rd          , Ss          , Aa^Fpa      , Aa          , Ai          , Ss          , Ww          , Aa^Fpa      , Aa^Fpa      , Aa^Fpa      , Ss          , Aa^Fpa      , Aa^Fpa      , Ss          , Ss          
Aa          , Aa          , Aa          , Aa^Fpa      , Aa^Fpa      , Aa^Fpa      , Rd          , Rd          , Aa          , Aa          , Ss          , Ww          , Ss          , Aa          , Aa^Fpa      , Ss          , Aa^Fpa      , Rd          , Aa          , Ss          , Ss          , Ss^Vhs      , Ss          , Aa^Fpa      , Rd          , Rd          , Rd          , Ss^Vhs      , Aa          , Aa^Fpa      , Ss          , Ss          
Ss          , Ss          , Ss          , Aa          , Rd          , Rd          , Aa^Vha      , Aa          , Aa          , Ss          , Aa          , Ss          , Aa          , Ss          , Ss          , Aa^Fpa      , Rd          , Rd          , Aa^Fpa      , Aa^Fpa      , Aa^Fpa      , Ss          , Ww^Bw/      , Ww^Bw/      , Ss          , Ai          , Ww^Bw|      , Aa          , Aa          , Ss          , Ss          , Ss          
Ss          , Ss          , Aa          , Aa          , Rd          , Ss          , Ss          , Ss          , Ss          , Aa          , Aa          , Ss          , Ss          , Ss          , Ss          , Rd          , Ss          , Aa^Fpa      , Aa          , Aa          , Rd          , Ww^Bw/      , Ai          , Ss          , Ss          , Ss          , Chr         , Aa          , Ss          , Aa^Fpa      , Aa^Fpa      , Aa^Fpa      
Aa^Fpa      , Aa^Fpa      , Aa          , Aa          , Ce          , Aa          , Aa          , Aa          , Ss          , Aa          , Ai          , Ss          , Aa          , Ss          , Aa^Fpa      , Rd          , Rd          , Ss          , Ww^Bw/      , Rd          , Aa          , Ss          , Ai          , Ai          , Ai          , Chs         , 5 Kh        , Chr         , Aa          , Ss          , Aa^Fpa      , Aa^Fpa      
Aa^Fpa      , Aa^Fpa      , Aa          , Ce          , 4 Ke        , Ce          , Aa          , Aa          , Ai          , Ss^Vhs      , Ww          , Ai          , Aa          , Aa          , Ss          , Aa          , Aa^Vha      , Rd          , Ss          , Ss          , Aa          , Ss          , Ss          , Ai          , Ss          , Chs         , Chs         , Chr         , Aa          , Aa^Fpa      , Aa^Fpa      , Aa^Fpa      
Aa^Fpa      , Aa^Fpa      , Aa          , Ce          , Ce          , Ce          , Aa          , Aa^Vha      , Ai          , Ww          , Ai          , Ai          , Aa          , Ss          , Ss          , Ss          , Ss          , Aa          , Aa          , Aa^Fpa      , Aa^Fpa      , Ss^Vhs      , Ss          , Ss          , Ss          , Ss          , Ss          , Aa          , Aa          , Aa^Fpa      , Aa^Fpa      , Aa^Fpa      
Aa^Fpa      , Aa^Fpa      , Aa^Fpa      , Aa          , Aa          , Aa          , Aa          , Ai          , Ww          , Ww          , Ai          , Aa          , Aa^Fpa      , Aa^Fpa      , Aa^Fpa      , Ss          , Aa^Fpa      , Ss          , Ss          , Aa^Fpa      , Aa^Fpa      , Aa^Fpa      , Aa^Fpa      , Aa^Fpa      , Aa^Fpa      , Aa^Fpa      , Aa^Fpa      , Aa^Fpa      , Aa^Fpa      , Aa^Fpa      , Aa^Fpa      , Aa^Fpa      
Aa^Fpa      , Aa^Fpa      , Aa^Fpa      , Aa          , Aa          , Aa          , Aa          , Ai          , Ww          , Ww          , Ai          , Aa          , Aa^Fpa      , Aa^Fpa      , Aa^Fpa      , Ss          , Aa^Fpa      , Ss          , Ss          , Aa^Fpa      , Aa^Fpa      , Aa^Fpa      , Aa^Fpa      , Aa^Fpa      , Aa^Fpa      , Aa^Fpa      , Aa^Fpa      , Aa^Fpa      , Aa^Fpa      , Aa^Fpa      , Aa^Fpa      , Aa^Fpa      
