border_size=1
usage=map

Gg          , Gg          , Gg          , Gg          , Gg          , Gg          , Gg          , Gg          , Gg          , Gg          , Gs^Fp       , Gs^Fp       , Gg          , Gg          , Gg          , Gg          , Ww          , Ww          , Gs^Fp       , Gg          , Gg          , Rd          , Gg          , Gs^Fp       , Hh          , Gs^Fp       , Gs^Fp       
Gg          , Gg          , Gg          , Gg          , Gg          , Gg          , Gg          , Gg          , Gg          , Gg          , Gs^Fp       , Gs^Fp       , Gg          , Gg^Vh       , Gg          , Gg          , Ww          , Ww          , Gs^Fp       , Gg          , Gg          , Rd          , Gg          , Gs^Fp       , Hh          , Gs^Fp       , Gs^Fp       
Gg          , Gg          , Ce          , Ce          , Ce          , Gg          , Gg          , Gg          , Gg          , Ww          , Ww          , Gs^Fp       , Gs^Fp       , Gg          , Gg          , Ww          , Ww          , Ww          , Gs^Fp       , Gs^Fp       , Rd          , Rd          , Hh          , Hh          , Hh          , Hh          , Hh          
Gg          , Gg          , Ce          , 2 Ke        , Ce          , Gg          , Gg          , Gg          , Gg^Vh       , Ww          , Wo          , Ww          , Ww          , Gs^Fp       , Gg          , Ww          , Gs^Fp       , Ww          , Gg          , Gg          , Rd          , Gg          , Gg          , Gg          , Gg          , Gg          , Gg          
Gg          , Gg          , Gg          , Ce          , Gg          , Gg          , Gg          , Gg          , Gg          , Ww          , Ww          , Ww          , Gs^Fp       , Gs^Fp       , Gg          , Gs^Fp       , Gs^Fp       , Ww          , Gg          , Gg          , Gg          , Rd          , Gg          , Gg          , Hh          , Gg          , Gg          
Rd          , Rd          , Gg          , Gg          , Gg          , Gg          , Gg          , Gg          , Gg          , Gg          , Gg          , Ww          , Ww          , Gg          , Gg^Vh       , Gg          , Gg          , Ww          , Gg          , Gg^Vh       , Gs^Fp       , Rd          , Gg          , Hh          , Hh          , Hh          , Hh          
Rd          , Rd          , Rd          , Gg          , Gg          , Gg          , Hh          , Hh          , Hh          , Hh          , Ww          , Ww          , Ww          , Gs^Fp       , Ww          , Gg          , Ww          , Ww          , Gg          , Gs^Fp       , Gs^Fp       , Rd          , Gg          , Gg          , Gg          , Gg          , Gg          
Gg          , Gg          , Gg^Vh       , Rd          , Rd          , Gg          , Gg          , Gg          , Gg          , Gg          , Gg          , Ww          , Ww          , Ww          , Ww          , Ww          , Wo          , Ww          , Ww          , Gg          , Gg          , Rd          , Hh          , Gg          , Gg          , Gg          , Gg          
Gg          , Gg          , Gg          , Gg          , Gg          , Rd          , Gg          , Gg          , Gg          , Gg^Vh       , Gg          , Ww          , Gg          , Gg          , Gg          , Ww          , Ww          , Ww          , Gg          , Gg          , Rd          , Rd          , Hh          , Gg          , Gg          , Gg          , Gg          
Gg          , Gg          , Gg          , Gg          , Rd          , Rd          , Hh          , Gg          , Gg          , Gg          , Gg          , Ww          , Gg          , Gg          , Gg          , Gg          , Gg          , Gg          , Gs^Fp       , Gg          , Rd          , Hh          , Gs^Fp       , Gg          , Gs^Fp       , Gs^Fp       , Gs^Fp       
Gg          , Gg          , Gs^Fp       , Gs^Fp       , Rd          , Gg          , Hh          , Gg          , Hh          , Gg          , Gg          , Ww          , Ww          , Gg          , Gg^Vh       , Gg          , Gg          , Gg          , Gs^Fp       , Gg          , Rd          , Gs^Fp       , Gg          , Gs^Fp       , Gg          , Gg          , Gg          
Gg          , Gg          , Gs^Fp       , Gg          , Rd          , Gg          , Gg          , Gs^Fp       , Gg          , Gg          , Gs^Fp       , Gs^Fp       , Gg          , Ww          , Ww          , Gg          , Gg          , Gg          , Gg          , Gs^Fp       , Gg          , Rd          , Rd          , Gg          , Gg^Vh       , Gg          , Gg          
Gs^Fp       , Gs^Fp       , Gg          , Gg          , Rd          , Gg          , Gg^Vh       , Gg          , Gg          , Gg          , Gg          , Gs^Fp       , Ww          , Ww          , Gg          , Ww          , Ww          , Ww          , Ww          , Ww          , Ww          , Gg          , Rd          , Gg          , Gg          , Gg          , Gg          
Gg          , Gg          , Gg          , Gg          , Rd          , Gg          , Ww          , Gg          , Ww          , Gg          , Ww          , Ww          , Ww          , Gg          , Gg          , Gg          , Gg          , Gg          , Gg          , Gg^Vh       , Rd          , Ww^Bw/      , Ww          , Ww          , Ww          , Ww          , Ww          
Gg          , Gg          , Ww          , Ww          , Ww          , Ww^Bw\      , Rd          , Ww          , Gg          , Ww          , Gg          , Gg          , Ww          , Gg          , Gg          , Gg          , Rd          , Rd          , Rd          , Rd          , Gg          , Gg          , Gg          , Gg          , Gg          , Gg          , Gg          
Ww          , Ww          , Gg          , Gg          , Gg          , Gg^Vh       , Rd          , Gg          , Gg          , Gg          , Gg          , Gg          , Ww          , Gg          , Gg          , Rd          , Gg          , Gg          , Gg          , Gg          , Hh          , Gg          , Hh          , Hh          , Hh          , Hh          , Hh          
Gg          , Gg          , Gg          , Gg          , Gg          , Gg          , Rd          , Gg          , Gs^Fp       , Gs^Fp       , Ww          , Ww          , Gg^Vh       , Gg          , Gg          , Rd          , Gg          , Gg          , Hh          , Hh          , Hh          , Hh          , Gg          , Hh          , Gg          , Hh          , Hh          
Gg          , Gg          , Gg          , Gg          , Gg          , Gg          , Rd          , Gg          , Gg          , Gg          , Ww          , Gg          , Gg          , Gg          , Gg          , Rd          , Gg          , Hh          , Gg          , Gg          , Gg          , Gg          , Gg          , Gg          , Gs^Fp       , Gs^Fp       , Gs^Fp       
Gg          , Gg          , Gg          , Gg          , Gg          , Gg          , Rd          , Re          , Ww          , Ww          , Wo          , Ww          , Ww          , Gg          , Gg          , Rd          , Rd          , Gg          , Gs^Fp       , Gs^Fp       , Gs^Fp       , Gs^Fp       , Gs^Fp       , Gs^Fp       , Gs^Fp       , Gs^Fp       , Gs^Fp       
Gg          , Gg          , Gg^Vh       , Gg          , Gg          , Gg          , Rd          , Re          , Ww          , Wo          , Ww          , Ww          , Gg          , Gg          , Hh          , Gg          , Gg          , Rd          , Gg          , Gs^Fp       , Gg          , Gs^Fp       , Gg          , Gs^Fp       , Gs^Fp       , Gs^Fp       , Gs^Fp       
Gg          , Gg          , Gg          , Gg          , Gs^Fp       , Gg          , Gg          , Rd          , Rd          , Ww          , Gg          , Gg          , Rd          , Gg          , Rd          , Hh          , Rd          , Rd          , Rd          , Gg          , Rd          , Gg^Vh       , Gg          , Gg          , Gg          , Gs^Fp       , Gs^Fp       
Gg          , Gg          , Gg          , Gg          , Gg          , Gs^Fp       , Gs^Fp       , Gs^Fp       , Gg          , Rd          , Rd          , Rd          , Gs^Fp       , Rd          , Gs^Fp       , Rd          , Gg          , Gg          , Gg          , Rd          , Gg          , Gg          , Ce          , Gg          , Gg          , Gs^Fp       , Gs^Fp       
Gg          , Gg          , Gg          , Gg          , Gg          , Gg          , Gg          , Gs^Fp       , Gg          , Gg          , Gg          , Gs^Fp       , Gs^Fp       , Gs^Fp       , Gs^Fp       , Gs^Fp       , Gs^Fp       , Gg          , Gs^Fp       , Gs^Fp       , Gg          , Ce          , 1 Ke        , Ce          , Gg          , Gs^Fp       , Gs^Fp       
Hh          , Hh          , Hh          , Gg          , Hh          , Gg          , Gg          , Gg          , Gs^Fp       , Gs^Fp       , Gg          , Hh          , Gg          , Gs^Fp       , Gg          , Gs^Fp       , Gg          , Gs^Fp       , Gs^Fp       , Gs^Fp       , Gg          , Ce          , Ce          , Ce          , Gg          , Gs^Fp       , Gs^Fp       
Gg          , Gg          , Gg          , Hh          , Hh          , Gg          , Gg          , Gs^Fp       , Gs^Fp       , Gg          , Gg          , Hh          , Hh          , Gg          , Hh          , Gg          , Hh          , Gg          , Gg          , Gg          , Gs^Fp       , Gg          , Gg          , Gg          , Gs^Fp       , Gs^Fp       , Gs^Fp       
Gs^Fp       , Gs^Fp       , Gg          , Hh          , Gg          , Gg          , Gg          , Gs^Fp       , Gg          , Gs^Fp       , Gs^Fp       , Gg          , Hh          , Hh          , Gg          , Hh          , Hh          , Hh          , Hh          , Gg          , Gg          , Gs^Fp       , Gs^Fp       , Gs^Fp       , Gs^Fp       , Gs^Fp       , Gs^Fp       
Gs^Fp       , Gs^Fp       , Gg          , Hh          , Gg          , Gg          , Gg          , Gs^Fp       , Gg          , Gs^Fp       , Gs^Fp       , Gg          , Hh          , Hh          , Gg          , Hh          , Hh          , Hh          , Hh          , Gg          , Gg          , Gs^Fp       , Gs^Fp       , Gs^Fp       , Gs^Fp       , Gs^Fp       , Gs^Fp       
